Archive member included to satisfy reference by file (symbol)

/home/honore/honoreblog/glibc-2.38/build/libc_pic.a(check_fds.os)
                              /home/honore/honoreblog/glibc-2.38/build/elf/dl-allobjs.os (__libc_check_standard_fds)
/home/honore/honoreblog/glibc-2.38/build/libc_pic.a(errno.os)
                              /home/honore/honoreblog/glibc-2.38/build/libc_pic.a(check_fds.os) (__libc_errno)
/home/honore/honoreblog/glibc-2.38/build/libc_pic.a(setjmp.os)
                              /home/honore/honoreblog/glibc-2.38/build/elf/dl-allobjs.os (__sigsetjmp)
/home/honore/honoreblog/glibc-2.38/build/libc_pic.a(__longjmp.os)
                              /home/honore/honoreblog/glibc-2.38/build/elf/dl-allobjs.os (__longjmp)
/home/honore/honoreblog/glibc-2.38/build/libc_pic.a(lowlevellock.os)
                              /home/honore/honoreblog/glibc-2.38/build/elf/dl-allobjs.os (__lll_lock_wait_private)
/home/honore/honoreblog/glibc-2.38/build/libc_pic.a(scratch_buffer_set_array_size.os)
                              /home/honore/honoreblog/glibc-2.38/build/elf/dl-allobjs.os (__libc_scratch_buffer_set_array_size)
/home/honore/honoreblog/glibc-2.38/build/libc_pic.a(memchr.os)
                              /home/honore/honoreblog/glibc-2.38/build/elf/dl-allobjs.os (memchr)
/home/honore/honoreblog/glibc-2.38/build/libc_pic.a(memcmp.os)
                              /home/honore/honoreblog/glibc-2.38/build/elf/dl-allobjs.os (memcmp)
/home/honore/honoreblog/glibc-2.38/build/libc_pic.a(memcpy.os)
                              /home/honore/honoreblog/glibc-2.38/build/libc_pic.a(check_fds.os) (__GI_memcpy)
/home/honore/honoreblog/glibc-2.38/build/libc_pic.a(memmove.os)
                              /home/honore/honoreblog/glibc-2.38/build/elf/dl-allobjs.os (memmove)
/home/honore/honoreblog/glibc-2.38/build/libc_pic.a(mempcpy.os)
                              /home/honore/honoreblog/glibc-2.38/build/elf/dl-allobjs.os (__mempcpy)
/home/honore/honoreblog/glibc-2.38/build/libc_pic.a(memset.os)
                              /home/honore/honoreblog/glibc-2.38/build/elf/dl-allobjs.os (memset)
/home/honore/honoreblog/glibc-2.38/build/libc_pic.a(stpcpy.os)
                              /home/honore/honoreblog/glibc-2.38/build/elf/dl-allobjs.os (__stpcpy)
/home/honore/honoreblog/glibc-2.38/build/libc_pic.a(strchr.os)
                              /home/honore/honoreblog/glibc-2.38/build/elf/dl-allobjs.os (strchr)
/home/honore/honoreblog/glibc-2.38/build/libc_pic.a(strcmp.os)
                              /home/honore/honoreblog/glibc-2.38/build/elf/dl-allobjs.os (strcmp)
/home/honore/honoreblog/glibc-2.38/build/libc_pic.a(strcspn.os)
                              /home/honore/honoreblog/glibc-2.38/build/elf/dl-allobjs.os (strcspn)
/home/honore/honoreblog/glibc-2.38/build/libc_pic.a(strdup.os)
                              /home/honore/honoreblog/glibc-2.38/build/elf/dl-allobjs.os (__strdup)
/home/honore/honoreblog/glibc-2.38/build/libc_pic.a(strerrorname_np.os)
                              /home/honore/honoreblog/glibc-2.38/build/elf/dl-allobjs.os (strerrorname_np)
/home/honore/honoreblog/glibc-2.38/build/libc_pic.a(strlen.os)
                              /home/honore/honoreblog/glibc-2.38/build/elf/dl-allobjs.os (strlen)
/home/honore/honoreblog/glibc-2.38/build/libc_pic.a(strncmp.os)
                              /home/honore/honoreblog/glibc-2.38/build/elf/dl-allobjs.os (strncmp)
/home/honore/honoreblog/glibc-2.38/build/libc_pic.a(strnlen.os)
                              /home/honore/honoreblog/glibc-2.38/build/elf/dl-allobjs.os (strnlen)
/home/honore/honoreblog/glibc-2.38/build/libc_pic.a(memchr-avx2.os)
                              /home/honore/honoreblog/glibc-2.38/build/libc_pic.a(memchr.os) (__memchr_avx2)
/home/honore/honoreblog/glibc-2.38/build/libc_pic.a(memchr-avx2-rtm.os)
                              /home/honore/honoreblog/glibc-2.38/build/libc_pic.a(memchr.os) (__memchr_avx2_rtm)
/home/honore/honoreblog/glibc-2.38/build/libc_pic.a(memchr-evex.os)
                              /home/honore/honoreblog/glibc-2.38/build/libc_pic.a(memchr.os) (__memchr_evex)
/home/honore/honoreblog/glibc-2.38/build/libc_pic.a(memchr-evex-rtm.os)
                              /home/honore/honoreblog/glibc-2.38/build/libc_pic.a(memchr.os) (__memchr_evex_rtm)
/home/honore/honoreblog/glibc-2.38/build/libc_pic.a(memchr-sse2.os)
                              /home/honore/honoreblog/glibc-2.38/build/libc_pic.a(memchr.os) (__memchr_sse2)
/home/honore/honoreblog/glibc-2.38/build/libc_pic.a(memcmp-avx2-movbe.os)
                              /home/honore/honoreblog/glibc-2.38/build/libc_pic.a(memcmp.os) (__memcmp_avx2_movbe)
/home/honore/honoreblog/glibc-2.38/build/libc_pic.a(memcmp-avx2-movbe-rtm.os)
                              /home/honore/honoreblog/glibc-2.38/build/libc_pic.a(memcmp.os) (__memcmp_avx2_movbe_rtm)
/home/honore/honoreblog/glibc-2.38/build/libc_pic.a(memcmp-evex-movbe.os)
[...]
Memory Configuration

Name             Origin             Length             Attributes
*default*        0x0000000000000000 0xffffffffffffffff

Linker script and memory map

LOAD /home/honore/honoreblog/glibc-2.38/build/elf/librtld.mapT.o
START GROUP
LOAD /home/honore/honoreblog/glibc-2.38/build/elf/dl-allobjs.os
LOAD /home/honore/honoreblog/glibc-2.38/build/libc_pic.a
LOAD /usr/lib/gcc/x86_64-linux-gnu/12/libgcc.a
END GROUP

.interp
 *(.interp)

.note.gnu.build-id
 *(.note.gnu.build-id)

.hash
 *(.hash)

.gnu.hash
 *(.gnu.hash)

.dynsym
 *(.dynsym)

.dynstr
 *(.dynstr)

.gnu.version
 *(.gnu.version)

.gnu.version_d
 *(.gnu.version_d)

.gnu.version_r
 *(.gnu.version_r)

.rela.init
 *(.rela.init)

.rela.text
 *(.rela.text)

.rela.fini
 *(.rela.fini)

.rela.rodata
 *(.rela.rodata)

.rela.data.rel.ro
 *(.rela.data.rel.ro)

.rela.data
 *(.rela.data)

.rela.tdata
 *(.rela.tdata)

.rela.tbss
 *(.rela.tbss)

.rela.ctors
 *(.rela.ctors)

.rela.dtors
 *(.rela.dtors)

.rela.got
 *(.rela.got)

.rela.bss
 *(.rela.bss)

.rela.ldata
 *(.rela.ldata)

.rela.lbss
 *(.rela.lbss)

.rela.lrodata
 *(.rela.lrodata)

.rela.ifunc
 *(.rela.ifunc)

.rela.plt
 *(.rela.plt)

.relr.dyn
 *(.relr.dyn)

.init
 *(SORT_NONE(.init))

.plt
 *(.plt)

.plt.got
 *(.plt.got)

.plt.sec
 *(.plt.sec)

.text           0x0000000000000000    0x25694
 *(.text .stub)
 .text          0x0000000000000000        0x0 /home/honore/honoreblog/glibc-2.38/build/elf/librtld.mapT.o
                0x0000000000000000                __stack_chk_fail_local
                0x0000000000000000                malloc
                0x0000000000000000                __libc_assert_fail
                0x0000000000000000                __stack_chk_fail
                0x0000000000000000                calloc
                0x0000000000000000                __GI___pthread_enable_asynccancel
                0x0000000000000000                realloc
                0x0000000000000000                __GI___pthread_disable_asynccancel
                0x0000000000000000                __pthread_enable_asynccancel
                0x0000000000000000                __pthread_disable_asynccancel
                0x0000000000000000                free
 .text          0x0000000000000000    0x1ec9c /home/honore/honoreblog/glibc-2.38/build/elf/dl-allobjs.os
                0x0000000000000000                _dl_call_libc_early_init
                0x0000000000000080                _dl_call_fini
                0x00000000000001b0                _dl_signal_exception
                0x00000000000001b0                __GI__dl_signal_exception
                0x0000000000000210                __GI__dl_signal_error
                0x0000000000000210                _dl_signal_error
                0x0000000000000280                _dl_signal_cexception
                0x0000000000000300                _dl_signal_cerror
                0x0000000000000380                _dl_receive_error
                0x0000000000000410                _dl_catch_exception
                0x0000000000000410                __GI__dl_catch_exception
                0x0000000000000590                _dl_catch_error
                0x00000000000006f0                _dl_close_worker
                0x0000000000001460                _dl_close
                0x00000000000014d0                _dl_debug_state
                0x00000000000014d0                __GI__dl_debug_state
                0x00000000000014e0                _dl_debug_update
                0x0000000000001530                _dl_debug_initialize
                0x00000000000016e0                _dl_map_object_deps
                0x00000000000026b0                _dl_error_free
                0x00000000000026d0                _dl_exception_create
                0x00000000000026d0                __GI__dl_exception_create
                0x00000000000027a0                __GI__dl_exception_create_format
                0x00000000000027a0                _dl_exception_create_format
                0x0000000000002c10                _dl_exception_free
                0x0000000000002c10                __GI__dl_exception_free
                0x0000000000002c30                _dl_make_stacks_executable
                0x0000000000002da0                __GI___nptl_change_stack_perm
                0x0000000000002da0                __nptl_change_stack_perm
                0x0000000000002fe0                __GI__dl_find_object
                0x0000000000002fe0                _dl_find_object
                0x0000000000003320                _dlfo_sort_mappings
                0x00000000000033c0                _dl_find_object_init
                0x0000000000003570                _dl_find_object_update
                0x0000000000003a60                _dl_find_object_dlclose
                0x0000000000003b30                _dl_find_object_freeres
                0x0000000000003ba0                _dl_fini
                0x0000000000003f50                _dl_init
                0x0000000000004de0                _dl_dst_count
                0x0000000000004e80                _dl_dst_substitute
                0x00000000000055e0                _dl_init_paths
                0x0000000000005910                _dl_process_pt_gnu_property
                0x00000000000072d0                _dl_map_object
                0x0000000000007df0                _dl_rtld_di_serinfo
                0x0000000000008de0                _dl_lookup_symbol_x
                0x00000000000099b0                _dl_lookup_direct
                0x0000000000009b50                __minimal_malloc
                0x0000000000009c70                __minimal_calloc
                0x0000000000009cb0                __minimal_free
                0x0000000000009cf0                __minimal_realloc
                0x0000000000009d80                _dl_sysdep_read_whole_file
                0x0000000000009e10                _dl_name_match_p
                0x0000000000009e70                _dl_higher_prime_number
                0x0000000000009ec0                _dl_strtoul
                0x000000000000a020                _dl_add_to_namespace_list
                0x000000000000a0c0                _dl_new_object
                0x000000000000a900                __GI__dl_find_dso_for_object
                0x000000000000a900                _dl_find_dso_for_object
                0x000000000000a9d0                _dl_open
                0x000000000000acc0                _dl_show_scope
                0x000000000000b840                _dl_get_origin
                0x000000000000c020                _dl_debug_printf
                0x000000000000c0d0                _dl_debug_printf_c
                0x000000000000c180                _dl_dprintf
                0x000000000000c220                _dl_printf
                0x000000000000c2c0                _dl_error_printf
                0x000000000000c360                _dl_fatal_printf
                0x000000000000c360                __GI__dl_fatal_printf
                0x000000000000c400                _dl_start_profile
                0x000000000000cb50                __GI__dl_mcount
                0x000000000000cb50                _dl_mcount
                0x000000000000cd30                _dl_try_allocate_static_tls
                0x000000000000ce50                _dl_allocate_static_tls
                0x000000000000ce80                _dl_protect_relro
                0x000000000000cee0                _dl_reloc_bad_type
                0x000000000000cfb0                _dl_relocate_object
                0x000000000000f1c0                _dl_fixup
                0x000000000000f470                _dl_profile_fixup
                0x000000000000f7c0                _dl_scope_free
                0x000000000000f890                _dl_setup_hash
                0x000000000000fa30                _dl_sort_maps_init
                0x000000000000fa60                _dl_sort_maps
                0x000000000000fec0                __thread_gscope_wait
                0x0000000000010350                _dl_tls_static_surplus_init
                0x00000000000103e0                _dl_assign_tls_modid
                0x00000000000104f0                _dl_count_modids
                0x0000000000010560                _dl_determine_tlsoffset
                0x0000000000010720                _dl_get_tls_static_info
                0x0000000000010740                _dl_allocate_tls_storage
                0x00000000000107e0                __GI__dl_allocate_tls_init
                0x00000000000107e0                _dl_allocate_tls_init
                0x0000000000010a80                __GI__dl_allocate_tls
                0x0000000000010a80                _dl_allocate_tls
                0x0000000000010ac0                _dl_deallocate_tls
                0x0000000000010ac0                __GI__dl_deallocate_tls
                0x0000000000010b40                _dl_update_slotinfo
                0x0000000000010da0                __GI___tls_get_addr
                0x0000000000010da0                ___tls_get_addr
                0x0000000000010de0                _dl_tls_get_addr_soft
                0x0000000000010e60                _dl_add_to_slotinfo
                0x0000000000010f80                _dl_init_static_tls
                0x00000000000110b0                __tls_get_addr_slow
                0x00000000000110f0                __tls_pre_init_tp
                0x0000000000011150                __tls_init_tp
                0x0000000000011280                _dl_runtime_profile_sse
                0x0000000000011410                _dl_runtime_resolve_fxsave
                0x0000000000011490                _dl_runtime_resolve_xsave
                0x0000000000011560                _dl_runtime_resolve_xsavec
                0x0000000000011720                __GI___tunable_set_val
                0x0000000000011740                __GI___tunables_init
                0x0000000000011d50                __GI___tunables_print
                0x0000000000011e60                __tunable_get_val
                0x0000000000011e60                __GI___tunable_get_val
                0x0000000000011ed0                _dl_check_map_versions
                0x00000000000127b0                _dl_check_all_versions
                0x0000000000012820                _dl_write
                0x0000000000012830                _dl_cache_libcmp
                0x0000000000013040                _dl_load_cache_lookup
                0x0000000000013380                _dl_unload_cache
                0x00000000000133d0                _dl_make_tlsdesc_dynamic
                0x0000000000013680                _dl_unmap
                0x0000000000013700                _dl_tlsdesc_return
                0x0000000000013710                _dl_tlsdesc_undefweak
                0x0000000000013720                _dl_tlsdesc_dynamic
                0x00000000000137c0                __tls_get_addr
                0x0000000000015ae0                __x86_cpu_features
                0x0000000000015b00                _dl_x86_init_cpu_features
                0x0000000000015b20                _dl_x86_get_cpu_features
                0x0000000000015b30                _dl_audit_activity_map
                0x0000000000015bd0                _dl_audit_activity_nsid
                0x0000000000015c10                _dl_audit_objsearch
                0x0000000000015ce0                _dl_audit_objopen
                0x0000000000015db0                _dl_audit_objclose
                0x0000000000015e60                _dl_audit_preinit
                0x0000000000015ef0                _dl_audit_symbind_alt
                0x0000000000015ef0                __GI__dl_audit_symbind_alt
                0x00000000000160d0                _dl_audit_symbind
                0x0000000000016380                _dl_audit_pltenter
                0x00000000000165c0                _dl_audit_pltexit
                0x00000000000167c0                _dl_diagnostics_print_string
                0x0000000000016840                _dl_diagnostics_print_labeled_string
                0x0000000000016880                _dl_diagnostics_print_labeled_value
                0x00000000000168a0                _dl_print_diagnostics
                0x0000000000016ca0                _dl_diagnostics_cpu
                0x00000000000173e0                _dl_diagnostics_kernel
                0x0000000000017480                _dl_next_ld_env_entry
                0x00000000000174d0                unsetenv
                0x00000000000175f0                _dl_important_hwcaps
                0x0000000000017980                _dl_hwcaps_subdirs_active
                0x0000000000017a60                _dl_hwcaps_split
                0x0000000000017b00                _dl_hwcaps_contains
                0x0000000000017bb0                _dl_hwcaps_split_masked
                0x0000000000017bf0                __rtld_libc_freeres
                0x0000000000017c00                __rtld_malloc_init_stubs
                0x0000000000017c40                __sigjmp_save
                0x0000000000017c50                __strerror_r
                0x0000000000017d40                __GI___libc_fatal
                0x0000000000017d40                __libc_fatal
                0x0000000000017d60                __GI___chk_fail
                0x0000000000017d60                __chk_fail
                0x0000000000017d70                __GI___assert_fail
                0x0000000000017d70                __assert_fail
                0x0000000000017da0                __rtld_malloc_is_complete
                0x0000000000017eb0                __rtld_malloc_init_real
                0x0000000000017fa0                __GI___assert_perror_fail
                0x0000000000017fa0                __assert_perror_fail
                0x0000000000018000                _itoa
                0x0000000000018060                __strsep
                0x0000000000018060                strsep
                0x0000000000018060                __strsep_g
                0x00000000000180f0                __rtld_mutex_init
                0x0000000000018370                _dl_tunable_set_hwcaps
                0x0000000000018df0                _dl_sysdep_start
                0x0000000000018eb0                _dl_sysdep_start_cleanup
                0x0000000000018ec0                _dl_show_auxv
                0x0000000000019110                _dl_usage
                0x0000000000019160                _dl_version
                0x0000000000019180                _dl_help
                0x0000000000019430                _start
                0x0000000000019438                _dl_start_user
                0x000000000001a760                handle_preload_list
                0x000000000001e440                __brk
                0x000000000001e440                brk
                0x000000000001e470                __getcwd
                0x000000000001e470                getcwd
                0x000000000001ea60                openat64
                0x000000000001eac0                __alloc_dir
                0x000000000001eb90                __opendir
                0x000000000001eb90                opendir
                0x000000000001ec20                sbrk
                0x000000000001ec20                __sbrk
 *fill*         0x000000000001ec9c        0x4 
 .text          0x000000000001eca0       0xe2 /home/honore/honoreblog/glibc-2.38/build/libc_pic.a(check_fds.os)
                0x000000000001ed50                __libc_check_standard_fds
 .text          0x000000000001ed82        0x0 /home/honore/honoreblog/glibc-2.38/build/libc_pic.a(errno.os)
 *fill*         0x000000000001ed82        0xe 
 .text          0x000000000001ed90       0x57 /home/honore/honoreblog/glibc-2.38/build/libc_pic.a(setjmp.os)
                0x000000000001ed90                __sigsetjmp
                0x000000000001ed90                __GI___sigsetjmp
 *fill*         0x000000000001ede7        0x9 
 .text          0x000000000001edf0       0x50 /home/honore/honoreblog/glibc-2.38/build/libc_pic.a(__longjmp.os)
                0x000000000001edf0                __longjmp
 .text          0x000000000001ee40       0xe4 /home/honore/honoreblog/glibc-2.38/build/libc_pic.a(lowlevellock.os)
                0x000000000001ee40                __GI___lll_lock_wait_private
                0x000000000001ee40                __lll_lock_wait_private
                0x000000000001ee90                __lll_lock_wait
                0x000000000001ee90                __GI___lll_lock_wait
                0x000000000001eef0                __lll_lock_wake_private
                0x000000000001eef0                __GI___lll_lock_wake_private
                0x000000000001ef10                __lll_lock_wake
                0x000000000001ef10                __GI___lll_lock_wake
 *fill*         0x000000000001ef24        0xc 
 .text          0x000000000001ef30       0xa5 /home/honore/honoreblog/glibc-2.38/build/libc_pic.a(scratch_buffer_set_array_size.os)
                0x000000000001ef30                __libc_scratch_buffer_set_array_size
                0x000000000001ef30                __GI___libc_scratch_buffer_set_array_size
 *fill*         0x000000000001efd5        0xb 
 .text          0x000000000001efe0       0x7d /home/honore/honoreblog/glibc-2.38/build/libc_pic.a(memchr.os)
                0x000000000001efe0                __GI_memchr
                0x000000000001efe0                memchr
                0x000000000001efe0                __memchr
 *fill*         0x000000000001f05d        0x3 
 .text          0x000000000001f060       0x71 /home/honore/honoreblog/glibc-2.38/build/libc_pic.a(memcmp.os)
                0x000000000001f060                bcmp
                0x000000000001f060                __GI_memcmp
                0x000000000001f060                memcmp
 *fill*         0x000000000001f0d1        0xf 
 .text          0x000000000001f0e0      0x109 /home/honore/honoreblog/glibc-2.38/build/libc_pic.a(memcpy.os)
                0x000000000001f0e0                __GI_memcpy
                0x000000000001f0e0                __new_memcpy
                0x000000000001f0e0                memcpy@@GLIBC_2.14
 *fill*         0x000000000001f1e9        0x7 
 .text          0x000000000001f1f0      0x109 /home/honore/honoreblog/glibc-2.38/build/libc_pic.a(memmove.os)
                0x000000000001f1f0                memmove
                0x000000000001f1f0                __GI_memmove
                0x000000000001f1f0                __libc_memmove
 *fill*         0x000000000001f2f9        0x7 
 .text          0x000000000001f300      0x109 /home/honore/honoreblog/glibc-2.38/build/libc_pic.a(mempcpy.os)
                0x000000000001f300                mempcpy
                0x000000000001f300                __GI_mempcpy
                0x000000000001f300                __mempcpy
                0x000000000001f300                __GI___mempcpy
 *fill*         0x000000000001f409        0x7 
 .text          0x000000000001f410       0xf1 /home/honore/honoreblog/glibc-2.38/build/libc_pic.a(memset.os)
                0x000000000001f410                __GI_memset
                0x000000000001f410                memset
 *fill*         0x000000000001f501        0xf 
 .text          0x000000000001f510       0x71 /home/honore/honoreblog/glibc-2.38/build/libc_pic.a(stpcpy.os)
                0x000000000001f510                stpcpy
                0x000000000001f510                __GI_stpcpy
                0x000000000001f510                __stpcpy
                0x000000000001f510                __GI___stpcpy
 *fill*         0x000000000001f581        0xf 
 .text          0x000000000001f590       0x78 /home/honore/honoreblog/glibc-2.38/build/libc_pic.a(strchr.os)
                0x000000000001f590                __GI_strchr
                0x000000000001f590                index
                0x000000000001f590                strchr
 *fill*         0x000000000001f608        0x8 
 .text          0x000000000001f610       0x88 /home/honore/honoreblog/glibc-2.38/build/libc_pic.a(strcmp.os)
                0x000000000001f610                __GI_strcmp
                0x000000000001f610                strcmp
 *fill*         0x000000000001f698        0x8 
 .text          0x000000000001f6a0       0x21 /home/honore/honoreblog/glibc-2.38/build/libc_pic.a(strcspn.os)
                0x000000000001f6a0                strcspn
                0x000000000001f6a0                __GI_strcspn
 *fill*         0x000000000001f6c1        0xf 
 .text          0x000000000001f6d0       0x39 /home/honore/honoreblog/glibc-2.38/build/libc_pic.a(strdup.os)
                0x000000000001f6d0                __GI___strdup
                0x000000000001f6d0                __strdup
                0x000000000001f6d0                strdup
 *fill*         0x000000000001f709        0x7 
 .text          0x000000000001f710        0x5 /home/honore/honoreblog/glibc-2.38/build/libc_pic.a(strerrorname_np.os)
                0x000000000001f710                strerrorname_np
 *fill*         0x000000000001f715        0xb 
 .text          0x000000000001f720       0x81 /home/honore/honoreblog/glibc-2.38/build/libc_pic.a(strlen.os)
                0x000000000001f720                strlen
                0x000000000001f720                __GI_strlen
 *fill*         0x000000000001f7a1        0xf 
 .text          0x000000000001f7b0       0x91 /home/honore/honoreblog/glibc-2.38/build/libc_pic.a(strncmp.os)
                0x000000000001f7b0                __GI_strncmp
                0x000000000001f7b0                strncmp
 *fill*         0x000000000001f841        0xf 
 .text          0x000000000001f850       0x81 /home/honore/honoreblog/glibc-2.38/build/libc_pic.a(strnlen.os)
                0x000000000001f850                __strnlen
                0x000000000001f850                strnlen
                0x000000000001f850                __GI___strnlen
                0x000000000001f850                __GI_strnlen
 .text          0x000000000001f8d1        0x0 /home/honore/honoreblog/glibc-2.38/build/libc_pic.a(memchr-avx2.os)
 .text          0x000000000001f8d1        0x0 /home/honore/honoreblog/glibc-2.38/build/libc_pic.a(memchr-avx2-rtm.os)
 .text          0x000000000001f8d1        0x0 /home/honore/honoreblog/glibc-2.38/build/libc_pic.a(memchr-evex.os)
 .text          0x000000000001f8d1        0x0 /home/honore/honoreblog/glibc-2.38/build/libc_pic.a(memchr-evex-rtm.os)
 *fill*         0x000000000001f8d1        0xf 
 .text          0x000000000001f8e0      0x323 /home/honore/honoreblog/glibc-2.38/build/libc_pic.a(memchr-sse2.os)
                0x000000000001f8e0                __memchr_sse2
 .text          0x000000000001fc03        0x0 /home/honore/honoreblog/glibc-2.38/build/libc_pic.a(memcmp-avx2-movbe.os)
 .text          0x000000000001fc03        0x0 /home/honore/honoreblog/glibc-2.38/build/libc_pic.a(memcmp-avx2-movbe-rtm.os)
 .text          0x000000000001fc03        0x0 /home/honore/honoreblog/glibc-2.38/build/libc_pic.a(memcmp-evex-movbe.os)
 *fill*         0x000000000001fc03       0x1d 
 .text          0x000000000001fc20      0x2d0 /home/honore/honoreblog/glibc-2.38/build/libc_pic.a(memcmp-sse2.os)
                0x000000000001fc20                __memcmp_sse2
 .text          0x000000000001fef0        0x0 /home/honore/honoreblog/glibc-2.38/build/libc_pic.a(memmove-avx-unaligned-erms.os)
 .text          0x000000000001fef0        0x0 /home/honore/honoreblog/glibc-2.38/build/libc_pic.a(memmove-avx-unaligned-erms-rtm.os)
 .text          0x000000000001fef0        0x0 /home/honore/honoreblog/glibc-2.38/build/libc_pic.a(memmove-avx512-no-vzeroupper.os)
 .text          0x000000000001fef0        0x0 /home/honore/honoreblog/glibc-2.38/build/libc_pic.a(memmove-avx512-unaligned-erms.os)
 .text          0x000000000001fef0       0x5d /home/honore/honoreblog/glibc-2.38/build/libc_pic.a(memmove-erms.os)
                0x000000000001fef0                __mempcpy_chk_erms
                0x000000000001ff00                __mempcpy_erms
                0x000000000001ff10                __memcpy_chk_erms
                0x000000000001ff10                __memmove_chk_erms
                0x000000000001ff20                __memmove_erms
                0x000000000001ff20                __memcpy_erms
 .text          0x000000000001ff4d        0x0 /home/honore/honoreblog/glibc-2.38/build/libc_pic.a(memmove-evex-unaligned-erms.os)
 *fill*         0x000000000001ff4d       0x33 
 .text          0x000000000001ff80      0x612 /home/honore/honoreblog/glibc-2.38/build/libc_pic.a(memmove-sse2-unaligned-erms.os)
                0x000000000001ff80                __mempcpy_chk_sse2_unaligned
                0x000000000001ff90                __mempcpy_sse2_unaligned
                0x000000000001ffa0                __memcpy_chk_sse2_unaligned
                0x000000000001ffa0                __memmove_chk_sse2_unaligned
                0x000000000001ffb0                __memmove_sse2_unaligned
                0x000000000001ffb0                __memcpy_sse2_unaligned
                0x000000000001ffb0                memcpy@GLIBC_2.2.5
                0x000000000001ffe0                __mempcpy_chk_sse2_unaligned_erms
                0x000000000001fff0                __mempcpy_sse2_unaligned_erms
                0x0000000000020000                __memmove_chk_sse2_unaligned_erms
                0x0000000000020000                __memcpy_chk_sse2_unaligned_erms
                0x0000000000020040                __memmove_sse2_unaligned_erms
                0x0000000000020040                __memcpy_sse2_unaligned_erms
 .text          0x0000000000020592        0x0 /home/honore/honoreblog/glibc-2.38/build/libc_pic.a(memmove-ssse3.os)
 .text          0x0000000000020592        0x0 /home/honore/honoreblog/glibc-2.38/build/libc_pic.a(memset-avx2-unaligned-erms.os)
 .text          0x0000000000020592        0x0 /home/honore/honoreblog/glibc-2.38/build/libc_pic.a(memset-avx2-unaligned-erms-rtm.os)
 .text          0x0000000000020592        0x0 /home/honore/honoreblog/glibc-2.38/build/libc_pic.a(memset-avx512-no-vzeroupper.os)
 .text          0x0000000000020592        0x0 /home/honore/honoreblog/glibc-2.38/build/libc_pic.a(memset-avx512-unaligned-erms.os)
 *fill*         0x0000000000020592        0xe 
 .text          0x00000000000205a0       0x29 /home/honore/honoreblog/glibc-2.38/build/libc_pic.a(memset-erms.os)
                0x00000000000205a0                __memset_chk_erms
                0x00000000000205b0                __memset_erms
 .text          0x00000000000205c9        0x0 /home/honore/honoreblog/glibc-2.38/build/libc_pic.a(memset-evex-unaligned-erms.os)
 *fill*         0x00000000000205c9       0x37 
 .text          0x0000000000020600      0x179 /home/honore/honoreblog/glibc-2.38/build/libc_pic.a(memset-sse2-unaligned-erms.os)
                0x0000000000020600                __wmemset_chk_sse2_unaligned
                0x0000000000020610                __wmemset_sse2_unaligned
                0x0000000000020630                __memset_chk_sse2_unaligned
                0x0000000000020640                __memset_sse2_unaligned
                0x0000000000020670                __memset_chk_sse2_unaligned_erms
                0x0000000000020680                __memset_sse2_unaligned_erms
 .text          0x0000000000020779        0x0 /home/honore/honoreblog/glibc-2.38/build/libc_pic.a(stpcpy-avx2.os)
 .text          0x0000000000020779        0x0 /home/honore/honoreblog/glibc-2.38/build/libc_pic.a(stpcpy-avx2-rtm.os)
 .text          0x0000000000020779        0x0 /home/honore/honoreblog/glibc-2.38/build/libc_pic.a(stpcpy-evex.os)
 *fill*         0x0000000000020779        0x7 
 .text          0x0000000000020780       0xdc /home/honore/honoreblog/glibc-2.38/build/libc_pic.a(stpcpy-sse2.os)
                0x0000000000020780                __stpcpy_sse2
 *fill*         0x000000000002085c        0x4 
 .text          0x0000000000020860      0x6b0 /home/honore/honoreblog/glibc-2.38/build/libc_pic.a(stpcpy-sse2-unaligned.os)
                0x0000000000020860                __stpcpy_sse2_unaligned
 .text          0x0000000000020f10        0x0 /home/honore/honoreblog/glibc-2.38/build/libc_pic.a(strchr-avx2.os)
 .text          0x0000000000020f10        0x0 /home/honore/honoreblog/glibc-2.38/build/libc_pic.a(strchr-avx2-rtm.os)
 .text          0x0000000000020f10        0x0 /home/honore/honoreblog/glibc-2.38/build/libc_pic.a(strchr-evex.os)
 .text          0x0000000000020f10      0x21a /home/honore/honoreblog/glibc-2.38/build/libc_pic.a(strchr-sse2.os)
                0x0000000000020f10                __strchr_sse2
 .text          0x000000000002112a        0x0 /home/honore/honoreblog/glibc-2.38/build/libc_pic.a(strchr-sse2-no-bsf.os)
 .text          0x000000000002112a        0x0 /home/honore/honoreblog/glibc-2.38/build/libc_pic.a(strcmp-avx2.os)
 .text          0x000000000002112a        0x0 /home/honore/honoreblog/glibc-2.38/build/libc_pic.a(strcmp-avx2-rtm.os)
 .text          0x000000000002112a        0x0 /home/honore/honoreblog/glibc-2.38/build/libc_pic.a(strcmp-evex.os)
 *fill*         0x000000000002112a        0x6 
 .text          0x0000000000021130     0x1439 /home/honore/honoreblog/glibc-2.38/build/libc_pic.a(strcmp-sse2.os)
                0x0000000000021130                __strcmp_sse2
 *fill*         0x0000000000022569        0x7 
 .text          0x0000000000022570      0x2a3 /home/honore/honoreblog/glibc-2.38/build/libc_pic.a(strcmp-sse2-unaligned.os)
                0x0000000000022570                __strcmp_sse2_unaligned
 .text          0x0000000000022813        0x0 /home/honore/honoreblog/glibc-2.38/build/libc_pic.a(strcmp-sse4_2.os)
 .text          0x0000000000022813        0x0 /home/honore/honoreblog/glibc-2.38/build/libc_pic.a(strcspn-sse4.os)
 .text          0x0000000000022813        0x0 /home/honore/honoreblog/glibc-2.38/build/libc_pic.a(strlen-avx2.os)
 .text          0x0000000000022813        0x0 /home/honore/honoreblog/glibc-2.38/build/libc_pic.a(strlen-avx2-rtm.os)
 .text          0x0000000000022813        0x0 /home/honore/honoreblog/glibc-2.38/build/libc_pic.a(strlen-evex.os)
 *fill*         0x0000000000022813        0xd 
 .text          0x0000000000022820      0x19c /home/honore/honoreblog/glibc-2.38/build/libc_pic.a(strlen-sse2.os)
                0x0000000000022820                __strlen_sse2
 .text          0x00000000000229bc        0x0 /home/honore/honoreblog/glibc-2.38/build/libc_pic.a(strncmp-avx2.os)
 .text          0x00000000000229bc        0x0 /home/honore/honoreblog/glibc-2.38/build/libc_pic.a(strncmp-avx2-rtm.os)
 .text          0x00000000000229bc        0x0 /home/honore/honoreblog/glibc-2.38/build/libc_pic.a(strncmp-evex.os)
 *fill*         0x00000000000229bc        0x4 
 .text          0x00000000000229c0     0x1849 /home/honore/honoreblog/glibc-2.38/build/libc_pic.a(strncmp-sse2.os)
                0x00000000000229c0                __strncmp_sse2
 .text          0x0000000000024209        0x0 /home/honore/honoreblog/glibc-2.38/build/libc_pic.a(strncmp-sse4_2.os)
 .text          0x0000000000024209        0x0 /home/honore/honoreblog/glibc-2.38/build/libc_pic.a(strnlen-avx2.os)
 .text          0x0000000000024209        0x0 /home/honore/honoreblog/glibc-2.38/build/libc_pic.a(strnlen-avx2-rtm.os)
 .text          0x0000000000024209        0x0 /home/honore/honoreblog/glibc-2.38/build/libc_pic.a(strnlen-evex.os)
 *fill*         0x0000000000024209        0x7 
 .text          0x0000000000024210      0x218 /home/honore/honoreblog/glibc-2.38/build/libc_pic.a(strnlen-sse2.os)
                0x0000000000024210                __strnlen_sse2
 .text          0x0000000000024428        0x0 /home/honore/honoreblog/glibc-2.38/build/libc_pic.a(varshift.os)
 *fill*         0x0000000000024428        0x8 
 .text          0x0000000000024430      0x157 /home/honore/honoreblog/glibc-2.38/build/libc_pic.a(strcspn-generic.os)
                0x0000000000024430                __strcspn_generic
 *fill*         0x0000000000024587        0x9 
 .text          0x0000000000024590      0x188 /home/honore/honoreblog/glibc-2.38/build/libc_pic.a(cacheinfo.os)
                0x0000000000024590                __x86_cacheinfo
                0x0000000000024630                __cache_sysconf
 *fill*         0x0000000000024718        0x8 
 .text          0x0000000000024720       0x29 /home/honore/honoreblog/glibc-2.38/build/libc_pic.a(closedir.os)
                0x0000000000024720                __closedir
                0x0000000000024720                closedir
 *fill*         0x0000000000024749        0x7 
 .text          0x0000000000024750       0x6e /home/honore/honoreblog/glibc-2.38/build/libc_pic.a(rewinddir.os)
                0x0000000000024750                rewinddir
                0x0000000000024750                __rewinddir
                0x0000000000024750                __GI___rewinddir
 *fill*         0x00000000000247be        0x2 
 .text          0x00000000000247c0       0xde /home/honore/honoreblog/glibc-2.38/build/libc_pic.a(readdir64.os)
                0x00000000000247c0                readdir
                0x00000000000247c0                __readdir64
                0x00000000000247c0                __readdir
                0x00000000000247c0                __GI___readdir64
                0x00000000000247c0                readdir64
 *fill*         0x000000000002489e        0x2 
 .text          0x00000000000248a0       0x8a /home/honore/honoreblog/glibc-2.38/build/libc_pic.a(fdopendir.os)
                0x00000000000248a0                fdopendir
                0x00000000000248a0                __fdopendir
 *fill*         0x000000000002492a        0x6 
 .text          0x0000000000024930       0x24 /home/honore/honoreblog/glibc-2.38/build/libc_pic.a(_exit.os)
                0x0000000000024930                _Exit
                0x0000000000024930                __GI__exit
                0x0000000000024930                _exit
 *fill*         0x0000000000024954        0xc 
 .text          0x0000000000024960        0x8 /home/honore/honoreblog/glibc-2.38/build/libc_pic.a(getpid.os)
                0x0000000000024960                __getpid
                0x0000000000024960                getpid
                0x0000000000024960                __GI_getpid
                0x0000000000024960                __GI___getpid
 *fill*         0x0000000000024968        0x8 
 .text          0x0000000000024970       0x21 /home/honore/honoreblog/glibc-2.38/build/libc_pic.a(uname.os)
                0x0000000000024970                uname
                0x0000000000024970                __GI_uname
                0x0000000000024970                __uname
                0x0000000000024970                __GI___uname
 .text          0x0000000000024991        0x0 /home/honore/honoreblog/glibc-2.38/build/libc_pic.a(environ.os)
 *fill*         0x0000000000024991        0xf 
 .text          0x00000000000249a0       0x22 /home/honore/honoreblog/glibc-2.38/build/libc_pic.a(access.os)
                0x00000000000249a0                __GI___access
                0x00000000000249a0                access
                0x00000000000249a0                __access
 *fill*         0x00000000000249c2        0xe 
 .text          0x00000000000249d0       0x34 /home/honore/honoreblog/glibc-2.38/build/libc_pic.a(fstat64.os)
                0x00000000000249d0                __GI___fstat64
                0x00000000000249d0                fstat64
                0x00000000000249d0                fstat
                0x00000000000249d0                __fstat64
                0x00000000000249d0                __fstat
 *fill*         0x0000000000024a04        0xc 
 .text          0x0000000000024a10       0x2a /home/honore/honoreblog/glibc-2.38/build/libc_pic.a(fstatat64.os)
                0x0000000000024a10                fstatat
                0x0000000000024a10                __fstatat
                0x0000000000024a10                fstatat64
                0x0000000000024a10                __fstatat64
                0x0000000000024a10                __GI___fstatat
                0x0000000000024a10                __GI___fstatat64
 *fill*         0x0000000000024a3a        0x6 
 .text          0x0000000000024a40       0x24 /home/honore/honoreblog/glibc-2.38/build/libc_pic.a(lseek64.os)
                0x0000000000024a40                __GI___lseek
                0x0000000000024a40                __lseek64
                0x0000000000024a40                lseek
                0x0000000000024a40                __libc_lseek64
                0x0000000000024a40                llseek@GLIBC_2.2.5
                0x0000000000024a40                __lseek
                0x0000000000024a40                __libc_lseek
                0x0000000000024a40                lseek64
 *fill*         0x0000000000024a64        0xc 
 .text          0x0000000000024a70       0x15 /home/honore/honoreblog/glibc-2.38/build/libc_pic.a(lstat64.os)
                0x0000000000024a70                __lstat64
                0x0000000000024a70                lstat
                0x0000000000024a70                lstat64
                0x0000000000024a70                __GI___lstat64
                0x0000000000024a70                __lstat
 *fill*         0x0000000000024a85        0xb 
 .text          0x0000000000024a90       0xf3 /home/honore/honoreblog/glibc-2.38/build/libc_pic.a(openat64.os)
                0x0000000000024a90                __openat64
                0x0000000000024a90                __GI___openat
                0x0000000000024a90                __GI___openat64
                0x0000000000024a90                __libc_openat64
                0x0000000000024a90                __openat
                0x0000000000024a90                openat
 *fill*         0x0000000000024b83        0xd 
 .text          0x0000000000024b90       0x12 /home/honore/honoreblog/glibc-2.38/build/libc_pic.a(stat64.os)
                0x0000000000024b90                stat64
                0x0000000000024b90                __stat
                0x0000000000024b90                __stat64
                0x0000000000024b90                stat
                0x0000000000024b90                __GI___stat64
 *fill*         0x0000000000024ba2        0xe 
 .text          0x0000000000024bb0       0x22 /home/honore/honoreblog/glibc-2.38/build/libc_pic.a(close_nocancel.os)
                0x0000000000024bb0                __GI___close_nocancel
                0x0000000000024bb0                __close_nocancel
 *fill*         0x0000000000024bd2        0xe 
 .text          0x0000000000024be0       0xd6 /home/honore/honoreblog/glibc-2.38/build/libc_pic.a(fcntl_nocancel.os)
                0x0000000000024be0                __fcntl64_nocancel
                0x0000000000024be0                __GI___fcntl64_nocancel
                0x0000000000024c60                __fcntl64_nocancel_adjusted
 *fill*         0x0000000000024cb6        0xa 
 .text          0x0000000000024cc0       0x7a /home/honore/honoreblog/glibc-2.38/build/libc_pic.a(open64_nocancel.os)
                0x0000000000024cc0                __GI___open_nocancel
                0x0000000000024cc0                __open_nocancel
                0x0000000000024cc0                __GI___open64_nocancel
                0x0000000000024cc0                __open64_nocancel
 *fill*         0x0000000000024d3a        0x6 
 .text          0x0000000000024d40       0x2c /home/honore/honoreblog/glibc-2.38/build/libc_pic.a(pread64_nocancel.os)
                0x0000000000024d40                __GI___pread64_nocancel
                0x0000000000024d40                __pread64_nocancel
 *fill*         0x0000000000024d6c        0x4 
 .text          0x0000000000024d70       0x24 /home/honore/honoreblog/glibc-2.38/build/libc_pic.a(read_nocancel.os)
                0x0000000000024d70                __read_nocancel
                0x0000000000024d70                __GI___read_nocancel
 *fill*         0x0000000000024d94        0xc 
 .text          0x0000000000024da0       0x24 /home/honore/honoreblog/glibc-2.38/build/libc_pic.a(write_nocancel.os)
                0x0000000000024da0                __GI___write_nocancel
                0x0000000000024da0                __write_nocancel
 *fill*         0x0000000000024dc4        0xc 
 .text          0x0000000000024dd0       0xb8 /home/honore/honoreblog/glibc-2.38/build/libc_pic.a(mmap64.os)
                0x0000000000024dd0                __GI___mmap
                0x0000000000024dd0                __mmap
                0x0000000000024dd0                mmap
                0x0000000000024dd0                __GI___mmap64
                0x0000000000024dd0                __mmap64
                0x0000000000024dd0                mmap64
 *fill*         0x0000000000024e88        0x8 
 .text          0x0000000000024e90       0x21 /home/honore/honoreblog/glibc-2.38/build/libc_pic.a(mprotect.os)
                0x0000000000024e90                __mprotect
                0x0000000000024e90                __GI___mprotect
                0x0000000000024e90                __GI_mprotect
                0x0000000000024e90                mprotect
 *fill*         0x0000000000024eb1        0xf 
 .text          0x0000000000024ec0       0x21 /home/honore/honoreblog/glibc-2.38/build/libc_pic.a(munmap.os)
                0x0000000000024ec0                munmap
                0x0000000000024ec0                __GI___munmap
                0x0000000000024ec0                __GI_munmap
                0x0000000000024ec0                __munmap
 .text          0x0000000000024ee1        0x0 /home/honore/honoreblog/glibc-2.38/build/libc_pic.a(single_threaded.os)
 *fill*         0x0000000000024ee1        0xf 
 .text          0x0000000000024ef0      0x1e2 /home/honore/honoreblog/glibc-2.38/build/libc_pic.a(profil.os)
                0x0000000000024f40                __profil
                0x0000000000024f40                profil
 *fill*         0x00000000000250d2        0xe 
 .text          0x00000000000250e0        0xb /home/honore/honoreblog/glibc-2.38/build/libc_pic.a(prof-freq.os)
                0x00000000000250e0                __GI___profile_frequency
                0x00000000000250e0                __profile_frequency
 *fill*         0x00000000000250eb        0x5 
 .text          0x00000000000250f0       0x7b /home/honore/honoreblog/glibc-2.38/build/libc_pic.a(dl-addr-obj.os)
                0x00000000000250f0                _dl_addr_inside_object
 *fill*         0x000000000002516b        0x5 
 .text          0x0000000000025170       0x2c /home/honore/honoreblog/glibc-2.38/build/libc_pic.a(sigaction.os)
                0x0000000000025170                sigaction
                0x0000000000025170                __GI___sigaction
                0x0000000000025170                __sigaction
 *fill*         0x000000000002519c        0x4 
 .text          0x00000000000251a0      0x1ab /home/honore/honoreblog/glibc-2.38/build/libc_pic.a(libc_sigaction.os)
                0x00000000000251c0                __libc_sigaction
                0x00000000000251c0                __GI___libc_sigaction
 *fill*         0x000000000002534b        0x5 
 .text          0x0000000000025350       0x33 /home/honore/honoreblog/glibc-2.38/build/libc_pic.a(errname.os)
                0x0000000000025350                __get_errname
 *fill*         0x0000000000025383        0xd 
 .text          0x0000000000025390       0x81 /home/honore/honoreblog/glibc-2.38/build/libc_pic.a(strchrnul.os)
                0x0000000000025390                __GI___strchrnul
                0x0000000000025390                __strchrnul
                0x0000000000025390                strchrnul
 .text          0x0000000000025411        0x0 /home/honore/honoreblog/glibc-2.38/build/libc_pic.a(strchrnul-avx2.os)
 .text          0x0000000000025411        0x0 /home/honore/honoreblog/glibc-2.38/build/libc_pic.a(strchrnul-avx2-rtm.os)
 .text          0x0000000000025411        0x0 /home/honore/honoreblog/glibc-2.38/build/libc_pic.a(strchrnul-evex.os)
 *fill*         0x0000000000025411        0xf 
 .text          0x0000000000025420      0x20a /home/honore/honoreblog/glibc-2.38/build/libc_pic.a(strchrnul-sse2.os)
                0x0000000000025420                __strchrnul_sse2
 *fill*         0x000000000002562a        0x6 
 .text          0x0000000000025630       0x22 /home/honore/honoreblog/glibc-2.38/build/libc_pic.a(setitimer.os)
                0x0000000000025630                setitimer
                0x0000000000025630                __setitimer
 *fill*         0x0000000000025652        0xe 
 .text          0x0000000000025660       0x34 /home/honore/honoreblog/glibc-2.38/build/libc_pic.a(getdents64.os)
                0x0000000000025660                __getdents
                0x0000000000025660                __GI___getdents64
                0x0000000000025660                getdents64
                0x0000000000025660                __getdents64
 *(.gnu.warning)

.text.evex512   0x0000000000000000      0xe68
 .text.evex512  0x0000000000000000      0x3f9 /home/honore/honoreblog/glibc-2.38/build/elf/dl-allobjs.os
                0x0000000000000000                _dl_runtime_profile_avx512
 *fill*         0x00000000000003f9        0x7 
 .text.evex512  0x0000000000000400      0x860 /home/honore/honoreblog/glibc-2.38/build/libc_pic.a(memmove-avx512-unaligned-erms.os)
                0x0000000000000400                __mempcpy_chk_avx512_unaligned
                0x0000000000000410                __mempcpy_avx512_unaligned
                0x0000000000000420                __memcpy_chk_avx512_unaligned
                0x0000000000000420                __memmove_chk_avx512_unaligned
                0x0000000000000430                __memmove_avx512_unaligned
                0x0000000000000430                __memcpy_avx512_unaligned
                0x0000000000000470                __mempcpy_chk_avx512_unaligned_erms
                0x0000000000000480                __mempcpy_avx512_unaligned_erms
                0x0000000000000490                __memcpy_chk_avx512_unaligned_erms
                0x0000000000000490                __memmove_chk_avx512_unaligned_erms
                0x00000000000004c0                __memmove_avx512_unaligned_erms
                0x00000000000004c0                __memcpy_avx512_unaligned_erms
 *fill*         0x0000000000000c60       0x20 
 .text.evex512  0x0000000000000c80      0x1e8 /home/honore/honoreblog/glibc-2.38/build/libc_pic.a(memset-avx512-unaligned-erms.os)
                0x0000000000000c80                __wmemset_chk_avx512_unaligned
                0x0000000000000c90                __wmemset_avx512_unaligned
                0x0000000000000cb0                __memset_chk_avx512_unaligned
                0x0000000000000cc0                __memset_avx512_unaligned
                0x0000000000000cf0                __memset_chk_avx512_unaligned_erms
                0x0000000000000d00                __memset_avx512_unaligned_erms

.text.avx       0x0000000000000000     0x2b24
 .text.avx      0x0000000000000000      0x3eb /home/honore/honoreblog/glibc-2.38/build/elf/dl-allobjs.os
                0x0000000000000000                _dl_runtime_profile_avx
 *fill*         0x00000000000003eb       0x15 
 .text.avx      0x0000000000000400      0x297 /home/honore/honoreblog/glibc-2.38/build/libc_pic.a(memchr-avx2.os)
                0x0000000000000400                __memchr_avx2
 *fill*         0x0000000000000697        0x9 
 .text.avx      0x00000000000006a0      0x3ff /home/honore/honoreblog/glibc-2.38/build/libc_pic.a(memcmp-avx2-movbe.os)
                0x00000000000006a0                __memcmp_avx2_movbe
 *fill*         0x0000000000000a9f       0x21 
 .text.avx      0x0000000000000ac0      0x79e /home/honore/honoreblog/glibc-2.38/build/libc_pic.a(memmove-avx-unaligned-erms.os)
                0x0000000000000ac0                __mempcpy_chk_avx_unaligned
                0x0000000000000ad0                __mempcpy_avx_unaligned
                0x0000000000000ae0                __memcpy_chk_avx_unaligned
                0x0000000000000ae0                __memmove_chk_avx_unaligned
                0x0000000000000af0                __memcpy_avx_unaligned
                0x0000000000000af0                __memmove_avx_unaligned
                0x0000000000000b20                __mempcpy_chk_avx_unaligned_erms
                0x0000000000000b30                __mempcpy_avx_unaligned_erms
                0x0000000000000b40                __memmove_chk_avx_unaligned_erms
                0x0000000000000b40                __memcpy_chk_avx_unaligned_erms
                0x0000000000000b80                __memcpy_avx_unaligned_erms
                0x0000000000000b80                __memmove_avx_unaligned_erms
 *fill*         0x000000000000125e       0x22 
 .text.avx      0x0000000000001280      0x1fd /home/honore/honoreblog/glibc-2.38/build/libc_pic.a(memset-avx2-unaligned-erms.os)
                0x0000000000001280                __wmemset_chk_avx2_unaligned
                0x0000000000001290                __wmemset_avx2_unaligned
                0x00000000000012c0                __memset_chk_avx2_unaligned
                0x00000000000012d0                __memset_avx2_unaligned
                0x0000000000001300                __memset_chk_avx2_unaligned_erms
                0x0000000000001340                __memset_avx2_unaligned_erms
 *fill*         0x000000000000147d        0x3 
 .text.avx      0x0000000000001480      0x241 /home/honore/honoreblog/glibc-2.38/build/libc_pic.a(stpcpy-avx2.os)
                0x0000000000001480                __stpcpy_avx2
 *fill*         0x00000000000016c1       0x1f 
 .text.avx      0x00000000000016e0      0x22c /home/honore/honoreblog/glibc-2.38/build/libc_pic.a(strchr-avx2.os)
                0x00000000000016e0                __strchr_avx2
 *fill*         0x000000000000190c        0x4 
 .text.avx      0x0000000000001910      0x555 /home/honore/honoreblog/glibc-2.38/build/libc_pic.a(strcmp-avx2.os)
                0x0000000000001910                __strcmp_avx2
 *fill*         0x0000000000001e65       0x1b 
 .text.avx      0x0000000000001e80      0x172 /home/honore/honoreblog/glibc-2.38/build/libc_pic.a(strlen-avx2.os)
                0x0000000000001e80                __strlen_avx2
 *fill*         0x0000000000001ff2        0xe 
 .text.avx      0x0000000000002000      0x64e /home/honore/honoreblog/glibc-2.38/build/libc_pic.a(strncmp-avx2.os)
                0x0000000000002000                __strncmp_avx2
 *fill*         0x000000000000264e       0x12 
 .text.avx      0x0000000000002660      0x2ce /home/honore/honoreblog/glibc-2.38/build/libc_pic.a(strnlen-avx2.os)
                0x0000000000002660                __strnlen_avx2
 *fill*         0x000000000000292e       0x12 
 .text.avx      0x0000000000002940      0x1e4 /home/honore/honoreblog/glibc-2.38/build/libc_pic.a(strchrnul-avx2.os)
                0x0000000000002940                __strchrnul_avx2

.text.compat    0x0000000000000000        0x1
 .text.compat   0x0000000000000000        0x1 /home/honore/honoreblog/glibc-2.38/build/elf/dl-allobjs.os
                0x0000000000000000                __rtld_version_placeholder_1
                0x0000000000000000                __rtld_version_placeholder@GLIBC_2.34

.text.avx.rtm   0x0000000000000000     0x2725
 .text.avx.rtm  0x0000000000000000      0x2b8 /home/honore/honoreblog/glibc-2.38/build/libc_pic.a(memchr-avx2-rtm.os)
                0x0000000000000000                __memchr_avx2_rtm
 *fill*         0x00000000000002b8        0x8 
 .text.avx.rtm  0x00000000000002c0      0x3ff /home/honore/honoreblog/glibc-2.38/build/libc_pic.a(memcmp-avx2-movbe-rtm.os)
                0x00000000000002c0                __memcmp_avx2_movbe_rtm
 *fill*         0x00000000000006bf        0x1 
 .text.avx.rtm  0x00000000000006c0      0x79f /home/honore/honoreblog/glibc-2.38/build/libc_pic.a(memmove-avx-unaligned-erms-rtm.os)
                0x00000000000006c0                __mempcpy_chk_avx_unaligned_rtm
                0x00000000000006d0                __mempcpy_avx_unaligned_rtm
                0x00000000000006e0                __memmove_chk_avx_unaligned_rtm
                0x00000000000006e0                __memcpy_chk_avx_unaligned_rtm
                0x00000000000006f0                __memcpy_avx_unaligned_rtm
                0x00000000000006f0                __memmove_avx_unaligned_rtm
                0x0000000000000720                __mempcpy_chk_avx_unaligned_erms_rtm
                0x0000000000000730                __mempcpy_avx_unaligned_erms_rtm
                0x0000000000000740                __memcpy_chk_avx_unaligned_erms_rtm
                0x0000000000000740                __memmove_chk_avx_unaligned_erms_rtm
                0x0000000000000780                __memmove_avx_unaligned_erms_rtm
                0x0000000000000780                __memcpy_avx_unaligned_erms_rtm
 *fill*         0x0000000000000e5f       0x21 
 .text.avx.rtm  0x0000000000000e80      0x1fd /home/honore/honoreblog/glibc-2.38/build/libc_pic.a(memset-avx2-unaligned-erms-rtm.os)
                0x0000000000000e80                __wmemset_chk_avx2_unaligned_rtm
                0x0000000000000e90                __wmemset_avx2_unaligned_rtm
                0x0000000000000ec0                __memset_chk_avx2_unaligned_rtm
                0x0000000000000ed0                __memset_avx2_unaligned_rtm
                0x0000000000000f00                __memset_chk_avx2_unaligned_erms_rtm
                0x0000000000000f40                __memset_avx2_unaligned_erms_rtm
 *fill*         0x000000000000107d        0x3 
 .text.avx.rtm  0x0000000000001080      0x24d /home/honore/honoreblog/glibc-2.38/build/libc_pic.a(stpcpy-avx2-rtm.os)
                0x0000000000001080                __stpcpy_avx2_rtm
 *fill*         0x00000000000012cd       0x13 
 .text.avx.rtm  0x00000000000012e0      0x22f /home/honore/honoreblog/glibc-2.38/build/libc_pic.a(strchr-avx2-rtm.os)
                0x00000000000012e0                __strchr_avx2_rtm
 *fill*         0x000000000000150f        0x1 
 .text.avx.rtm  0x0000000000001510      0x555 /home/honore/honoreblog/glibc-2.38/build/libc_pic.a(strcmp-avx2-rtm.os)
                0x0000000000001510                __strcmp_avx2_rtm
 *fill*         0x0000000000001a65       0x1b 
 .text.avx.rtm  0x0000000000001a80      0x16b /home/honore/honoreblog/glibc-2.38/build/libc_pic.a(strlen-avx2-rtm.os)
                0x0000000000001a80                __strlen_avx2_rtm
 *fill*         0x0000000000001beb        0x5 
 .text.avx.rtm  0x0000000000001bf0      0x66e /home/honore/honoreblog/glibc-2.38/build/libc_pic.a(strncmp-avx2-rtm.os)
                0x0000000000001bf0                __strncmp_avx2_rtm
 *fill*         0x000000000000225e        0x2 
 .text.avx.rtm  0x0000000000002260      0x2cc /home/honore/honoreblog/glibc-2.38/build/libc_pic.a(strnlen-avx2-rtm.os)
                0x0000000000002260                __strnlen_avx2_rtm
 *fill*         0x000000000000252c       0x14 
 .text.avx.rtm  0x0000000000002540      0x1e5 /home/honore/honoreblog/glibc-2.38/build/libc_pic.a(strchrnul-avx2-rtm.os)
                0x0000000000002540                __strchrnul_avx2_rtm

.text.evex      0x0000000000000000     0x2617
 .text.evex     0x0000000000000000      0x24f /home/honore/honoreblog/glibc-2.38/build/libc_pic.a(memchr-evex.os)
                0x0000000000000000                __memchr_evex
 *fill*         0x000000000000024f       0x31 
 .text.evex     0x0000000000000280      0x2fe /home/honore/honoreblog/glibc-2.38/build/libc_pic.a(memcmp-evex-movbe.os)
                0x0000000000000280                __memcmp_evex_movbe
 *fill*         0x000000000000057e        0x2 
 .text.evex     0x0000000000000580      0x87b /home/honore/honoreblog/glibc-2.38/build/libc_pic.a(memmove-evex-unaligned-erms.os)
                0x0000000000000580                __mempcpy_chk_evex_unaligned
                0x0000000000000590                __mempcpy_evex_unaligned
                0x00000000000005a0                __memcpy_chk_evex_unaligned
                0x00000000000005a0                __memmove_chk_evex_unaligned
                0x00000000000005b0                __memmove_evex_unaligned
                0x00000000000005b0                __memcpy_evex_unaligned
                0x00000000000005f0                __mempcpy_chk_evex_unaligned_erms
                0x0000000000000600                __mempcpy_evex_unaligned_erms
                0x0000000000000610                __memcpy_chk_evex_unaligned_erms
                0x0000000000000610                __memmove_chk_evex_unaligned_erms
                0x0000000000000640                __memmove_evex_unaligned_erms
                0x0000000000000640                __memcpy_evex_unaligned_erms
 *fill*         0x0000000000000dfb        0x5 
 .text.evex     0x0000000000000e00      0x1b8 /home/honore/honoreblog/glibc-2.38/build/libc_pic.a(memset-evex-unaligned-erms.os)
                0x0000000000000e00                __wmemset_chk_evex_unaligned
                0x0000000000000e10                __wmemset_evex_unaligned
                0x0000000000000e30                __memset_chk_evex_unaligned
                0x0000000000000e40                __memset_evex_unaligned
                0x0000000000000e70                __memset_chk_evex_unaligned_erms
                0x0000000000000e80                __memset_evex_unaligned_erms
 *fill*         0x0000000000000fb8        0x8 
 .text.evex     0x0000000000000fc0      0x2d0 /home/honore/honoreblog/glibc-2.38/build/libc_pic.a(stpcpy-evex.os)
                0x0000000000000fc0                __stpcpy_evex
 *fill*         0x0000000000001290       0x30 
 .text.evex     0x00000000000012c0      0x1ff /home/honore/honoreblog/glibc-2.38/build/libc_pic.a(strchr-evex.os)
                0x00000000000012c0                __strchr_evex
 *fill*         0x00000000000014bf        0x1 
 .text.evex     0x00000000000014c0      0x553 /home/honore/honoreblog/glibc-2.38/build/libc_pic.a(strcmp-evex.os)
                0x00000000000014c0                __strcmp_evex
 *fill*         0x0000000000001a13       0x2d 
 .text.evex     0x0000000000001a40      0x15d /home/honore/honoreblog/glibc-2.38/build/libc_pic.a(strlen-evex.os)
                0x0000000000001a40                __strlen_evex
 *fill*         0x0000000000001b9d        0x3 
 .text.evex     0x0000000000001ba0      0x64c /home/honore/honoreblog/glibc-2.38/build/libc_pic.a(strncmp-evex.os)
                0x0000000000001ba0                __strncmp_evex
 *fill*         0x00000000000021ec       0x14 
 .text.evex     0x0000000000002200      0x217 /home/honore/honoreblog/glibc-2.38/build/libc_pic.a(strnlen-evex.os)
                0x0000000000002200                __strnlen_evex
 *fill*         0x0000000000002417       0x29 
 .text.evex     0x0000000000002440      0x1d7 /home/honore/honoreblog/glibc-2.38/build/libc_pic.a(strchrnul-evex.os)
                0x0000000000002440                __strchrnul_evex

.text.evex.rtm  0x0000000000000000      0x24f
 .text.evex.rtm
                0x0000000000000000      0x24f /home/honore/honoreblog/glibc-2.38/build/libc_pic.a(memchr-evex-rtm.os)
                0x0000000000000000                __memchr_evex_rtm

.text.avx512    0x0000000000000000      0x9f0
 .text.avx512   0x0000000000000000      0x76b /home/honore/honoreblog/glibc-2.38/build/libc_pic.a(memmove-avx512-no-vzeroupper.os)
                0x0000000000000000                __mempcpy_chk_avx512_no_vzeroupper
                0x0000000000000010                __mempcpy_avx512_no_vzeroupper
                0x0000000000000020                __memcpy_chk_avx512_no_vzeroupper
                0x0000000000000020                __memmove_chk_avx512_no_vzeroupper
                0x0000000000000030                __memcpy_avx512_no_vzeroupper
                0x0000000000000030                __memmove_avx512_no_vzeroupper
 *fill*         0x000000000000076b        0x5 
 .text.avx512   0x0000000000000770      0x280 /home/honore/honoreblog/glibc-2.38/build/libc_pic.a(memset-avx512-no-vzeroupper.os)
                0x0000000000000770                __memset_chk_avx512_no_vzeroupper
                0x0000000000000780                __memset_avx512_no_vzeroupper

.text.ssse3     0x0000000000000000      0xf7d
 .text.ssse3    0x0000000000000000      0xf7d /home/honore/honoreblog/glibc-2.38/build/libc_pic.a(memmove-ssse3.os)
                0x0000000000000000                __mempcpy_chk_ssse3
                0x0000000000000010                __mempcpy_ssse3
                0x0000000000000020                __memcpy_chk_ssse3
                0x0000000000000020                __memmove_chk_ssse3
                0x0000000000000040                __memcpy_ssse3
                0x0000000000000040                __memmove_ssse3

.text.atom      0x0000000000000000      0x315
 .text.atom     0x0000000000000000      0x315 /home/honore/honoreblog/glibc-2.38/build/libc_pic.a(strchr-sse2-no-bsf.os)
                0x0000000000000000                __strchr_sse2_no_bsf

.text.sse4.2    0x0000000000000000     0x1ea9
 .text.sse4.2   0x0000000000000000      0xda9 /home/honore/honoreblog/glibc-2.38/build/libc_pic.a(strcmp-sse4_2.os)
                0x0000000000000000                __strcmp_sse42
 *fill*         0x0000000000000da9        0x7 
 .text.sse4.2   0x0000000000000db0      0x11b /home/honore/honoreblog/glibc-2.38/build/libc_pic.a(strcspn-sse4.os)
                0x0000000000000db0                __strcspn_sse42
 *fill*         0x0000000000000ecb        0x5 
 .text.sse4.2   0x0000000000000ed0      0xfd9 /home/honore/honoreblog/glibc-2.38/build/libc_pic.a(strncmp-sse4_2.os)
                0x0000000000000ed0                __strncmp_sse42

.fini
 *(SORT_NONE(.fini))

.rodata         0x0000000000000000     0x18b5
 *(.rodata)
 .rodata        0x0000000000000000     0x11d2 /home/honore/honoreblog/glibc-2.38/build/elf/dl-allobjs.os
 .rodata        0x00000000000011d2       0x80 /home/honore/honoreblog/glibc-2.38/build/libc_pic.a(stpcpy-sse2-unaligned.os)
 *fill*         0x0000000000001252        0x6 
 .rodata        0x0000000000001258       0x40 /home/honore/honoreblog/glibc-2.38/build/libc_pic.a(strcmp-sse2.os)
 .rodata        0x0000000000001298       0x40 /home/honore/honoreblog/glibc-2.38/build/libc_pic.a(strncmp-sse2.os)
 *fill*         0x00000000000012d8        0x8 
 .rodata        0x00000000000012e0       0x1f /home/honore/honoreblog/glibc-2.38/build/libc_pic.a(varshift.os)
                0x00000000000012e0                ___m128i_shift_right
 *fill*         0x00000000000012ff        0x1 
 .rodata        0x0000000000001300       0x34 /home/honore/honoreblog/glibc-2.38/build/libc_pic.a(cacheinfo.os)
 *fill*         0x0000000000001334        0xc 
 .rodata        0x0000000000001340      0x575 /home/honore/honoreblog/glibc-2.38/build/libc_pic.a(errname.os)

.rodata.str1.1  0x0000000000000000     0x17c8
 .rodata.str1.1
                0x0000000000000000     0x17b3 /home/honore/honoreblog/glibc-2.38/build/elf/dl-allobjs.os
 .rodata.str1.1
                0x00000000000017b3       0x14 /home/honore/honoreblog/glibc-2.38/build/libc_pic.a(check_fds.os)
 .rodata.str1.1
                0x00000000000017c7        0x1 /home/honore/honoreblog/glibc-2.38/build/libc_pic.a(fstat64.os)

.rodata.str1.16
                0x0000000000000000      0x545
 .rodata.str1.16
                0x0000000000000000      0x545 /home/honore/honoreblog/glibc-2.38/build/elf/dl-allobjs.os
                0x00000000000003b0                _dl_hwcaps_subdirs
                0x0000000000000410                __GI__itoa_lower_digits
                0x0000000000000410                _itoa_lower_digits

.rodata.str1.8  0x0000000000000000     0x2dff
 .rodata.str1.8
                0x0000000000000000     0x2dc1 /home/honore/honoreblog/glibc-2.38/build/elf/dl-allobjs.os
 *fill*         0x0000000000002dc1        0x7 
 .rodata.str1.8
                0x0000000000002dc8       0x37 /home/honore/honoreblog/glibc-2.38/build/libc_pic.a(lowlevellock.os)

.rodata.str1.32
                0x0000000000000000       0x5b
 .rodata.str1.32
                0x0000000000000000       0x5b /home/honore/honoreblog/glibc-2.38/build/elf/dl-allobjs.os

.rodata.cst4    0x0000000000000000        0x8
 .rodata.cst4   0x0000000000000000        0x8 /home/honore/honoreblog/glibc-2.38/build/elf/dl-allobjs.os
                0x0000000000000004                __rseq_flags

.rodata.cst2    0x0000000000000000        0x4
 .rodata.cst2   0x0000000000000000        0x4 /home/honore/honoreblog/glibc-2.38/build/elf/dl-allobjs.os

.rodata.cst16   0x0000000000000000       0x30
 .rodata.cst16  0x0000000000000000       0x30 /home/honore/honoreblog/glibc-2.38/build/elf/dl-allobjs.os

.rodata.cst8    0x0000000000000000        0x8
 .rodata.cst8   0x0000000000000000        0x8 /home/honore/honoreblog/glibc-2.38/build/elf/dl-allobjs.os

.rodata.sse4.2  0x0000000000000000       0x80
 .rodata.sse4.2
                0x0000000000000000       0x40 /home/honore/honoreblog/glibc-2.38/build/libc_pic.a(strcmp-sse4_2.os)
 .rodata.sse4.2
                0x0000000000000040       0x40 /home/honore/honoreblog/glibc-2.38/build/libc_pic.a(strncmp-sse4_2.os)

.rodata1
 *(.rodata1)

.eh_frame_hdr
 *(.eh_frame_hdr)

.eh_frame       0x0000000000000000     0x4f2c
 *(.eh_frame)
 .eh_frame      0x0000000000000000     0x3258 /home/honore/honoreblog/glibc-2.38/build/elf/dl-allobjs.os
                                       0x32d0 (size before relaxing)
 .eh_frame      0x0000000000003258       0x68 /home/honore/honoreblog/glibc-2.38/build/libc_pic.a(check_fds.os)
 .eh_frame      0x00000000000032c0       0x30 /home/honore/honoreblog/glibc-2.38/build/libc_pic.a(setjmp.os)
 .eh_frame      0x00000000000032f0       0x48 /home/honore/honoreblog/glibc-2.38/build/libc_pic.a(__longjmp.os)
 .eh_frame      0x0000000000003338       0x70 /home/honore/honoreblog/glibc-2.38/build/libc_pic.a(lowlevellock.os)
 .eh_frame      0x00000000000033a8       0x48 /home/honore/honoreblog/glibc-2.38/build/libc_pic.a(scratch_buffer_set_array_size.os)
 .eh_frame      0x00000000000033f0       0x30 /home/honore/honoreblog/glibc-2.38/build/libc_pic.a(memchr.os)
 .eh_frame      0x0000000000003420       0x30 /home/honore/honoreblog/glibc-2.38/build/libc_pic.a(memcmp.os)
 .eh_frame      0x0000000000003450       0x30 /home/honore/honoreblog/glibc-2.38/build/libc_pic.a(memcpy.os)
 .eh_frame      0x0000000000003480       0x30 /home/honore/honoreblog/glibc-2.38/build/libc_pic.a(memmove.os)
 .eh_frame      0x00000000000034b0       0x30 /home/honore/honoreblog/glibc-2.38/build/libc_pic.a(mempcpy.os)
 .eh_frame      0x00000000000034e0       0x30 /home/honore/honoreblog/glibc-2.38/build/libc_pic.a(memset.os)
 .eh_frame      0x0000000000003510       0x30 /home/honore/honoreblog/glibc-2.38/build/libc_pic.a(stpcpy.os)
 .eh_frame      0x0000000000003540       0x30 /home/honore/honoreblog/glibc-2.38/build/libc_pic.a(strchr.os)
 .eh_frame      0x0000000000003570       0x30 /home/honore/honoreblog/glibc-2.38/build/libc_pic.a(strcmp.os)
 .eh_frame      0x00000000000035a0       0x30 /home/honore/honoreblog/glibc-2.38/build/libc_pic.a(strcspn.os)
 .eh_frame      0x00000000000035d0       0x50 /home/honore/honoreblog/glibc-2.38/build/libc_pic.a(strdup.os)
 .eh_frame      0x0000000000003620       0x30 /home/honore/honoreblog/glibc-2.38/build/libc_pic.a(strerrorname_np.os)
 .eh_frame      0x0000000000003650       0x30 /home/honore/honoreblog/glibc-2.38/build/libc_pic.a(strlen.os)
 .eh_frame      0x0000000000003680       0x30 /home/honore/honoreblog/glibc-2.38/build/libc_pic.a(strncmp.os)
 .eh_frame      0x00000000000036b0       0x30 /home/honore/honoreblog/glibc-2.38/build/libc_pic.a(strnlen.os)
 .eh_frame      0x00000000000036e0       0x30 /home/honore/honoreblog/glibc-2.38/build/libc_pic.a(memchr-avx2.os)
 .eh_frame      0x0000000000003710       0x30 /home/honore/honoreblog/glibc-2.38/build/libc_pic.a(memchr-avx2-rtm.os)
 .eh_frame      0x0000000000003740       0x30 /home/honore/honoreblog/glibc-2.38/build/libc_pic.a(memchr-evex.os)
 .eh_frame      0x0000000000003770       0x30 /home/honore/honoreblog/glibc-2.38/build/libc_pic.a(memchr-evex-rtm.os)
 .eh_frame      0x00000000000037a0       0x30 /home/honore/honoreblog/glibc-2.38/build/libc_pic.a(memchr-sse2.os)
 .eh_frame      0x00000000000037d0       0x30 /home/honore/honoreblog/glibc-2.38/build/libc_pic.a(memcmp-avx2-movbe.os)
 .eh_frame      0x0000000000003800       0x30 /home/honore/honoreblog/glibc-2.38/build/libc_pic.a(memcmp-avx2-movbe-rtm.os)
 .eh_frame      0x0000000000003830       0x30 /home/honore/honoreblog/glibc-2.38/build/libc_pic.a(memcmp-evex-movbe.os)
 .eh_frame      0x0000000000003860       0x30 /home/honore/honoreblog/glibc-2.38/build/libc_pic.a(memcmp-sse2.os)
 .eh_frame      0x0000000000003890       0xb8 /home/honore/honoreblog/glibc-2.38/build/libc_pic.a(memmove-avx-unaligned-erms.os)
 .eh_frame      0x0000000000003948       0xb8 /home/honore/honoreblog/glibc-2.38/build/libc_pic.a(memmove-avx-unaligned-erms-rtm.os)
 .eh_frame      0x0000000000003a00       0x68 /home/honore/honoreblog/glibc-2.38/build/libc_pic.a(memmove-avx512-no-vzeroupper.os)
 .eh_frame      0x0000000000003a68       0xb8 /home/honore/honoreblog/glibc-2.38/build/libc_pic.a(memmove-avx512-unaligned-erms.os)
 .eh_frame      0x0000000000003b20       0x68 /home/honore/honoreblog/glibc-2.38/build/libc_pic.a(memmove-erms.os)
 .eh_frame      0x0000000000003b88       0xb8 /home/honore/honoreblog/glibc-2.38/build/libc_pic.a(memmove-evex-unaligned-erms.os)
 .eh_frame      0x0000000000003c40       0xb8 /home/honore/honoreblog/glibc-2.38/build/libc_pic.a(memmove-sse2-unaligned-erms.os)
 .eh_frame      0x0000000000003cf8       0x68 /home/honore/honoreblog/glibc-2.38/build/libc_pic.a(memmove-ssse3.os)
 .eh_frame      0x0000000000003d60       0x90 /home/honore/honoreblog/glibc-2.38/build/libc_pic.a(memset-avx2-unaligned-erms.os)
 .eh_frame      0x0000000000003df0       0x90 /home/honore/honoreblog/glibc-2.38/build/libc_pic.a(memset-avx2-unaligned-erms-rtm.os)
 .eh_frame      0x0000000000003e80       0x40 /home/honore/honoreblog/glibc-2.38/build/libc_pic.a(memset-avx512-no-vzeroupper.os)
 .eh_frame      0x0000000000003ec0       0x90 /home/honore/honoreblog/glibc-2.38/build/libc_pic.a(memset-avx512-unaligned-erms.os)
 .eh_frame      0x0000000000003f50       0x40 /home/honore/honoreblog/glibc-2.38/build/libc_pic.a(memset-erms.os)
 .eh_frame      0x0000000000003f90       0x90 /home/honore/honoreblog/glibc-2.38/build/libc_pic.a(memset-evex-unaligned-erms.os)
 .eh_frame      0x0000000000004020       0x90 /home/honore/honoreblog/glibc-2.38/build/libc_pic.a(memset-sse2-unaligned-erms.os)
 .eh_frame      0x00000000000040b0       0x30 /home/honore/honoreblog/glibc-2.38/build/libc_pic.a(stpcpy-avx2.os)
 .eh_frame      0x00000000000040e0       0x30 /home/honore/honoreblog/glibc-2.38/build/libc_pic.a(stpcpy-avx2-rtm.os)
 .eh_frame      0x0000000000004110       0x30 /home/honore/honoreblog/glibc-2.38/build/libc_pic.a(stpcpy-evex.os)
 .eh_frame      0x0000000000004140       0x30 /home/honore/honoreblog/glibc-2.38/build/libc_pic.a(stpcpy-sse2.os)
 .eh_frame      0x0000000000004170       0x30 /home/honore/honoreblog/glibc-2.38/build/libc_pic.a(stpcpy-sse2-unaligned.os)
 .eh_frame      0x00000000000041a0       0x30 /home/honore/honoreblog/glibc-2.38/build/libc_pic.a(strchr-avx2.os)
 .eh_frame      0x00000000000041d0       0x30 /home/honore/honoreblog/glibc-2.38/build/libc_pic.a(strchr-avx2-rtm.os)
 .eh_frame      0x0000000000004200       0x30 /home/honore/honoreblog/glibc-2.38/build/libc_pic.a(strchr-evex.os)
 .eh_frame      0x0000000000004230       0x30 /home/honore/honoreblog/glibc-2.38/build/libc_pic.a(strchr-sse2.os)
 .eh_frame      0x0000000000004260       0x30 /home/honore/honoreblog/glibc-2.38/build/libc_pic.a(strchr-sse2-no-bsf.os)
 .eh_frame      0x0000000000004290       0x30 /home/honore/honoreblog/glibc-2.38/build/libc_pic.a(strcmp-avx2.os)
 .eh_frame      0x00000000000042c0       0x30 /home/honore/honoreblog/glibc-2.38/build/libc_pic.a(strcmp-avx2-rtm.os)
 .eh_frame      0x00000000000042f0       0x30 /home/honore/honoreblog/glibc-2.38/build/libc_pic.a(strcmp-evex.os)
 .eh_frame      0x0000000000004320       0x30 /home/honore/honoreblog/glibc-2.38/build/libc_pic.a(strcmp-sse2.os)
 .eh_frame      0x0000000000004350       0x30 /home/honore/honoreblog/glibc-2.38/build/libc_pic.a(strcmp-sse2-unaligned.os)
 .eh_frame      0x0000000000004380       0x30 /home/honore/honoreblog/glibc-2.38/build/libc_pic.a(strcmp-sse4_2.os)
 .eh_frame      0x00000000000043b0       0x30 /home/honore/honoreblog/glibc-2.38/build/libc_pic.a(strcspn-sse4.os)
 .eh_frame      0x00000000000043e0       0x30 /home/honore/honoreblog/glibc-2.38/build/libc_pic.a(strlen-avx2.os)
 .eh_frame      0x0000000000004410       0x30 /home/honore/honoreblog/glibc-2.38/build/libc_pic.a(strlen-avx2-rtm.os)
 .eh_frame      0x0000000000004440       0x30 /home/honore/honoreblog/glibc-2.38/build/libc_pic.a(strlen-evex.os)
 .eh_frame      0x0000000000004470       0x30 /home/honore/honoreblog/glibc-2.38/build/libc_pic.a(strlen-sse2.os)
 .eh_frame      0x00000000000044a0       0x30 /home/honore/honoreblog/glibc-2.38/build/libc_pic.a(strncmp-avx2.os)
 .eh_frame      0x00000000000044d0       0x30 /home/honore/honoreblog/glibc-2.38/build/libc_pic.a(strncmp-avx2-rtm.os)
 .eh_frame      0x0000000000004500       0x30 /home/honore/honoreblog/glibc-2.38/build/libc_pic.a(strncmp-evex.os)
 .eh_frame      0x0000000000004530       0x30 /home/honore/honoreblog/glibc-2.38/build/libc_pic.a(strncmp-sse2.os)
 .eh_frame      0x0000000000004560       0x30 /home/honore/honoreblog/glibc-2.38/build/libc_pic.a(strncmp-sse4_2.os)
 .eh_frame      0x0000000000004590       0x30 /home/honore/honoreblog/glibc-2.38/build/libc_pic.a(strnlen-avx2.os)
 .eh_frame      0x00000000000045c0       0x30 /home/honore/honoreblog/glibc-2.38/build/libc_pic.a(strnlen-avx2-rtm.os)
 .eh_frame      0x00000000000045f0       0x30 /home/honore/honoreblog/glibc-2.38/build/libc_pic.a(strnlen-evex.os)
 .eh_frame      0x0000000000004620       0x30 /home/honore/honoreblog/glibc-2.38/build/libc_pic.a(strnlen-sse2.os)
 .eh_frame      0x0000000000004650       0x50 /home/honore/honoreblog/glibc-2.38/build/libc_pic.a(strcspn-generic.os)
 .eh_frame      0x00000000000046a0       0x40 /home/honore/honoreblog/glibc-2.38/build/libc_pic.a(cacheinfo.os)
 .eh_frame      0x00000000000046e0       0x38 /home/honore/honoreblog/glibc-2.38/build/libc_pic.a(closedir.os)
 .eh_frame      0x0000000000004718       0x50 /home/honore/honoreblog/glibc-2.38/build/libc_pic.a(rewinddir.os)
 .eh_frame      0x0000000000004768       0x58 /home/honore/honoreblog/glibc-2.38/build/libc_pic.a(readdir64.os)
 .eh_frame      0x00000000000047c0       0x48 /home/honore/honoreblog/glibc-2.38/build/libc_pic.a(fdopendir.os)
 .eh_frame      0x0000000000004808       0x30 /home/honore/honoreblog/glibc-2.38/build/libc_pic.a(_exit.os)
 .eh_frame      0x0000000000004838       0x30 /home/honore/honoreblog/glibc-2.38/build/libc_pic.a(getpid.os)
 .eh_frame      0x0000000000004868       0x30 /home/honore/honoreblog/glibc-2.38/build/libc_pic.a(uname.os)
 .eh_frame      0x0000000000004898       0x30 /home/honore/honoreblog/glibc-2.38/build/libc_pic.a(access.os)
 .eh_frame      0x00000000000048c8       0x30 /home/honore/honoreblog/glibc-2.38/build/libc_pic.a(fstat64.os)
 .eh_frame      0x00000000000048f8       0x30 /home/honore/honoreblog/glibc-2.38/build/libc_pic.a(fstatat64.os)
 .eh_frame      0x0000000000004928       0x30 /home/honore/honoreblog/glibc-2.38/build/libc_pic.a(lseek64.os)
 .eh_frame      0x0000000000004958       0x30 /home/honore/honoreblog/glibc-2.38/build/libc_pic.a(lstat64.os)
 .eh_frame      0x0000000000004988       0x40 /home/honore/honoreblog/glibc-2.38/build/libc_pic.a(openat64.os)
 .eh_frame      0x00000000000049c8       0x30 /home/honore/honoreblog/glibc-2.38/build/libc_pic.a(stat64.os)
 .eh_frame      0x00000000000049f8       0x30 /home/honore/honoreblog/glibc-2.38/build/libc_pic.a(close_nocancel.os)
 .eh_frame      0x0000000000004a28       0x40 /home/honore/honoreblog/glibc-2.38/build/libc_pic.a(fcntl_nocancel.os)
 .eh_frame      0x0000000000004a68       0x30 /home/honore/honoreblog/glibc-2.38/build/libc_pic.a(open64_nocancel.os)
 .eh_frame      0x0000000000004a98       0x30 /home/honore/honoreblog/glibc-2.38/build/libc_pic.a(pread64_nocancel.os)
 .eh_frame      0x0000000000004ac8       0x30 /home/honore/honoreblog/glibc-2.38/build/libc_pic.a(read_nocancel.os)
 .eh_frame      0x0000000000004af8       0x30 /home/honore/honoreblog/glibc-2.38/build/libc_pic.a(write_nocancel.os)
 .eh_frame      0x0000000000004b28       0x48 /home/honore/honoreblog/glibc-2.38/build/libc_pic.a(mmap64.os)
 .eh_frame      0x0000000000004b70       0x30 /home/honore/honoreblog/glibc-2.38/build/libc_pic.a(mprotect.os)
 .eh_frame      0x0000000000004ba0       0x30 /home/honore/honoreblog/glibc-2.38/build/libc_pic.a(munmap.os)
 .eh_frame      0x0000000000004bd0       0x88 /home/honore/honoreblog/glibc-2.38/build/libc_pic.a(profil.os)
 .eh_frame      0x0000000000004c58       0x30 /home/honore/honoreblog/glibc-2.38/build/libc_pic.a(prof-freq.os)
 .eh_frame      0x0000000000004c88       0x30 /home/honore/honoreblog/glibc-2.38/build/libc_pic.a(dl-addr-obj.os)
 .eh_frame      0x0000000000004cb8       0x30 /home/honore/honoreblog/glibc-2.38/build/libc_pic.a(sigaction.os)
 .eh_frame      0x0000000000004ce8       0xc8 /home/honore/honoreblog/glibc-2.38/build/libc_pic.a(libc_sigaction.os)
                                         0xd0 (size before relaxing)
 .eh_frame      0x0000000000004db0       0x30 /home/honore/honoreblog/glibc-2.38/build/libc_pic.a(errname.os)
 .eh_frame      0x0000000000004de0       0x30 /home/honore/honoreblog/glibc-2.38/build/libc_pic.a(strchrnul.os)
 .eh_frame      0x0000000000004e10       0x30 /home/honore/honoreblog/glibc-2.38/build/libc_pic.a(strchrnul-avx2.os)
 .eh_frame      0x0000000000004e40       0x30 /home/honore/honoreblog/glibc-2.38/build/libc_pic.a(strchrnul-avx2-rtm.os)
 .eh_frame      0x0000000000004e70       0x30 /home/honore/honoreblog/glibc-2.38/build/libc_pic.a(strchrnul-evex.os)
 .eh_frame      0x0000000000004ea0       0x30 /home/honore/honoreblog/glibc-2.38/build/libc_pic.a(strchrnul-sse2.os)
 .eh_frame      0x0000000000004ed0       0x30 /home/honore/honoreblog/glibc-2.38/build/libc_pic.a(setitimer.os)
 .eh_frame      0x0000000000004f00       0x2c /home/honore/honoreblog/glibc-2.38/build/libc_pic.a(getdents64.os)
                                         0x30 (size before relaxing)

.sframe
 *(.sframe)

.gcc_except_table
 *(.gcc_except_table)

.gnu_extab
 *(.gnu_extab*)

.exception_ranges
 *(.exception_ranges)

.eh_frame
 *(.eh_frame)

.sframe
 *(.sframe)

.gnu_extab
 *(.gnu_extab)

.gcc_except_table
 *(.gcc_except_table)

.exception_ranges
 *(.exception_ranges)

.tdata
 *(.tdata)

.tbss           0x0000000000000000        0x4
 *(.tbss)
 .tbss          0x0000000000000000        0x4 /home/honore/honoreblog/glibc-2.38/build/libc_pic.a(errno.os)
                0x0000000000000000                errno
                0x0000000000000000                __libc_errno

.jcr
 *(.jcr)

.dynamic
 *(.dynamic)

.got
 *(.got)

.got.plt
 *(.got.plt)

.data           0x0000000000000000     0x1118
 *(.data)
 .data          0x0000000000000000        0x0 /home/honore/honoreblog/glibc-2.38/build/elf/librtld.mapT.o
 .data          0x0000000000000000     0x10e8 /home/honore/honoreblog/glibc-2.38/build/elf/dl-allobjs.os
                0x0000000000000000                _rtld_global
                0x0000000000000000                _rtld_local
 .data          0x00000000000010e8        0x0 /home/honore/honoreblog/glibc-2.38/build/libc_pic.a(check_fds.os)
 .data          0x00000000000010e8        0x0 /home/honore/honoreblog/glibc-2.38/build/libc_pic.a(errno.os)
 .data          0x00000000000010e8        0x0 /home/honore/honoreblog/glibc-2.38/build/libc_pic.a(setjmp.os)
 .data          0x00000000000010e8        0x0 /home/honore/honoreblog/glibc-2.38/build/libc_pic.a(__longjmp.os)
 .data          0x00000000000010e8        0x0 /home/honore/honoreblog/glibc-2.38/build/libc_pic.a(lowlevellock.os)
 .data          0x00000000000010e8        0x0 /home/honore/honoreblog/glibc-2.38/build/libc_pic.a(scratch_buffer_set_array_size.os)
 .data          0x00000000000010e8        0x0 /home/honore/honoreblog/glibc-2.38/build/libc_pic.a(memchr.os)
 .data          0x00000000000010e8        0x0 /home/honore/honoreblog/glibc-2.38/build/libc_pic.a(memcmp.os)
 .data          0x00000000000010e8        0x0 /home/honore/honoreblog/glibc-2.38/build/libc_pic.a(memcpy.os)
 .data          0x00000000000010e8        0x0 /home/honore/honoreblog/glibc-2.38/build/libc_pic.a(memmove.os)
 .data          0x00000000000010e8        0x0 /home/honore/honoreblog/glibc-2.38/build/libc_pic.a(mempcpy.os)
 .data          0x00000000000010e8        0x0 /home/honore/honoreblog/glibc-2.38/build/libc_pic.a(memset.os)
 .data          0x00000000000010e8        0x0 /home/honore/honoreblog/glibc-2.38/build/libc_pic.a(stpcpy.os)
 .data          0x00000000000010e8        0x0 /home/honore/honoreblog/glibc-2.38/build/libc_pic.a(strchr.os)
 .data          0x00000000000010e8        0x0 /home/honore/honoreblog/glibc-2.38/build/libc_pic.a(strcmp.os)
 .data          0x00000000000010e8        0x0 /home/honore/honoreblog/glibc-2.38/build/libc_pic.a(strcspn.os)
 .data          0x00000000000010e8        0x0 /home/honore/honoreblog/glibc-2.38/build/libc_pic.a(strdup.os)
 .data          0x00000000000010e8        0x0 /home/honore/honoreblog/glibc-2.38/build/libc_pic.a(strerrorname_np.os)
 .data          0x00000000000010e8        0x0 /home/honore/honoreblog/glibc-2.38/build/libc_pic.a(strlen.os)
 .data          0x00000000000010e8        0x0 /home/honore/honoreblog/glibc-2.38/build/libc_pic.a(strncmp.os)
 .data          0x00000000000010e8        0x0 /home/honore/honoreblog/glibc-2.38/build/libc_pic.a(strnlen.os)
 .data          0x00000000000010e8        0x0 /home/honore/honoreblog/glibc-2.38/build/libc_pic.a(memchr-avx2.os)
 .data          0x00000000000010e8        0x0 /home/honore/honoreblog/glibc-2.38/build/libc_pic.a(memchr-avx2-rtm.os)
 .data          0x00000000000010e8        0x0 /home/honore/honoreblog/glibc-2.38/build/libc_pic.a(memchr-evex.os)
 .data          0x00000000000010e8        0x0 /home/honore/honoreblog/glibc-2.38/build/libc_pic.a(memchr-evex-rtm.os)
 .data          0x00000000000010e8        0x0 /home/honore/honoreblog/glibc-2.38/build/libc_pic.a(memchr-sse2.os)
 .data          0x00000000000010e8        0x0 /home/honore/honoreblog/glibc-2.38/build/libc_pic.a(memcmp-avx2-movbe.os)
 .data          0x00000000000010e8        0x0 /home/honore/honoreblog/glibc-2.38/build/libc_pic.a(memcmp-avx2-movbe-rtm.os)
 .data          0x00000000000010e8        0x0 /home/honore/honoreblog/glibc-2.38/build/libc_pic.a(memcmp-evex-movbe.os)
 .data          0x00000000000010e8        0x0 /home/honore/honoreblog/glibc-2.38/build/libc_pic.a(memcmp-sse2.os)
 .data          0x00000000000010e8        0x0 /home/honore/honoreblog/glibc-2.38/build/libc_pic.a(memmove-avx-unaligned-erms.os)
 .data          0x00000000000010e8        0x0 /home/honore/honoreblog/glibc-2.38/build/libc_pic.a(memmove-avx-unaligned-erms-rtm.os)
 .data          0x00000000000010e8        0x0 /home/honore/honoreblog/glibc-2.38/build/libc_pic.a(memmove-avx512-no-vzeroupper.os)
 .data          0x00000000000010e8        0x0 /home/honore/honoreblog/glibc-2.38/build/libc_pic.a(memmove-avx512-unaligned-erms.os)
 .data          0x00000000000010e8        0x0 /home/honore/honoreblog/glibc-2.38/build/libc_pic.a(memmove-erms.os)
 .data          0x00000000000010e8        0x0 /home/honore/honoreblog/glibc-2.38/build/libc_pic.a(memmove-evex-unaligned-erms.os)
 .data          0x00000000000010e8        0x0 /home/honore/honoreblog/glibc-2.38/build/libc_pic.a(memmove-sse2-unaligned-erms.os)
 .data          0x00000000000010e8        0x0 /home/honore/honoreblog/glibc-2.38/build/libc_pic.a(memmove-ssse3.os)
 .data          0x00000000000010e8        0x0 /home/honore/honoreblog/glibc-2.38/build/libc_pic.a(memset-avx2-unaligned-erms.os)
 .data          0x00000000000010e8        0x0 /home/honore/honoreblog/glibc-2.38/build/libc_pic.a(memset-avx2-unaligned-erms-rtm.os)
 .data          0x00000000000010e8        0x0 /home/honore/honoreblog/glibc-2.38/build/libc_pic.a(memset-avx512-no-vzeroupper.os)
 .data          0x00000000000010e8        0x0 /home/honore/honoreblog/glibc-2.38/build/libc_pic.a(memset-avx512-unaligned-erms.os)
 .data          0x00000000000010e8        0x0 /home/honore/honoreblog/glibc-2.38/build/libc_pic.a(memset-erms.os)
 .data          0x00000000000010e8        0x0 /home/honore/honoreblog/glibc-2.38/build/libc_pic.a(memset-evex-unaligned-erms.os)
 .data          0x00000000000010e8        0x0 /home/honore/honoreblog/glibc-2.38/build/libc_pic.a(memset-sse2-unaligned-erms.os)
 .data          0x00000000000010e8        0x0 /home/honore/honoreblog/glibc-2.38/build/libc_pic.a(stpcpy-avx2.os)
 .data          0x00000000000010e8        0x0 /home/honore/honoreblog/glibc-2.38/build/libc_pic.a(stpcpy-avx2-rtm.os)
 .data          0x00000000000010e8        0x0 /home/honore/honoreblog/glibc-2.38/build/libc_pic.a(stpcpy-evex.os)
 .data          0x00000000000010e8        0x0 /home/honore/honoreblog/glibc-2.38/build/libc_pic.a(stpcpy-sse2.os)
 .data          0x00000000000010e8        0x0 /home/honore/honoreblog/glibc-2.38/build/libc_pic.a(stpcpy-sse2-unaligned.os)
 .data          0x00000000000010e8        0x0 /home/honore/honoreblog/glibc-2.38/build/libc_pic.a(strchr-avx2.os)
 .data          0x00000000000010e8        0x0 /home/honore/honoreblog/glibc-2.38/build/libc_pic.a(strchr-avx2-rtm.os)
 .data          0x00000000000010e8        0x0 /home/honore/honoreblog/glibc-2.38/build/libc_pic.a(strchr-evex.os)
 .data          0x00000000000010e8        0x0 /home/honore/honoreblog/glibc-2.38/build/libc_pic.a(strchr-sse2.os)
 .data          0x00000000000010e8        0x0 /home/honore/honoreblog/glibc-2.38/build/libc_pic.a(strchr-sse2-no-bsf.os)
 .data          0x00000000000010e8        0x0 /home/honore/honoreblog/glibc-2.38/build/libc_pic.a(strcmp-avx2.os)
 .data          0x00000000000010e8        0x0 /home/honore/honoreblog/glibc-2.38/build/libc_pic.a(strcmp-avx2-rtm.os)
 .data          0x00000000000010e8        0x0 /home/honore/honoreblog/glibc-2.38/build/libc_pic.a(strcmp-evex.os)
 .data          0x00000000000010e8        0x0 /home/honore/honoreblog/glibc-2.38/build/libc_pic.a(strcmp-sse2.os)
 .data          0x00000000000010e8        0x0 /home/honore/honoreblog/glibc-2.38/build/libc_pic.a(strcmp-sse2-unaligned.os)
 .data          0x00000000000010e8        0x0 /home/honore/honoreblog/glibc-2.38/build/libc_pic.a(strcmp-sse4_2.os)
 .data          0x00000000000010e8        0x0 /home/honore/honoreblog/glibc-2.38/build/libc_pic.a(strcspn-sse4.os)
 .data          0x00000000000010e8        0x0 /home/honore/honoreblog/glibc-2.38/build/libc_pic.a(strlen-avx2.os)
 .data          0x00000000000010e8        0x0 /home/honore/honoreblog/glibc-2.38/build/libc_pic.a(strlen-avx2-rtm.os)
 .data          0x00000000000010e8        0x0 /home/honore/honoreblog/glibc-2.38/build/libc_pic.a(strlen-evex.os)
 .data          0x00000000000010e8        0x0 /home/honore/honoreblog/glibc-2.38/build/libc_pic.a(strlen-sse2.os)
 .data          0x00000000000010e8        0x0 /home/honore/honoreblog/glibc-2.38/build/libc_pic.a(strncmp-avx2.os)
 .data          0x00000000000010e8        0x0 /home/honore/honoreblog/glibc-2.38/build/libc_pic.a(strncmp-avx2-rtm.os)
 .data          0x00000000000010e8        0x0 /home/honore/honoreblog/glibc-2.38/build/libc_pic.a(strncmp-evex.os)
 .data          0x00000000000010e8        0x0 /home/honore/honoreblog/glibc-2.38/build/libc_pic.a(strncmp-sse2.os)
 .data          0x00000000000010e8        0x0 /home/honore/honoreblog/glibc-2.38/build/libc_pic.a(strncmp-sse4_2.os)
 .data          0x00000000000010e8        0x0 /home/honore/honoreblog/glibc-2.38/build/libc_pic.a(strnlen-avx2.os)
 .data          0x00000000000010e8        0x0 /home/honore/honoreblog/glibc-2.38/build/libc_pic.a(strnlen-avx2-rtm.os)
 .data          0x00000000000010e8        0x0 /home/honore/honoreblog/glibc-2.38/build/libc_pic.a(strnlen-evex.os)
 .data          0x00000000000010e8        0x0 /home/honore/honoreblog/glibc-2.38/build/libc_pic.a(strnlen-sse2.os)
 .data          0x00000000000010e8        0x0 /home/honore/honoreblog/glibc-2.38/build/libc_pic.a(varshift.os)
 .data          0x00000000000010e8        0x0 /home/honore/honoreblog/glibc-2.38/build/libc_pic.a(strcspn-generic.os)
 .data          0x00000000000010e8       0x30 /home/honore/honoreblog/glibc-2.38/build/libc_pic.a(cacheinfo.os)
                0x00000000000010e8                __x86_rep_stosb_threshold
                0x00000000000010f0                __x86_rep_movsb_threshold
                0x00000000000010f8                __x86_shared_cache_size
                0x0000000000001100                __x86_shared_cache_size_half
                0x0000000000001108                __x86_data_cache_size
                0x0000000000001110                __x86_data_cache_size_half
 .data          0x0000000000001118        0x0 /home/honore/honoreblog/glibc-2.38/build/libc_pic.a(closedir.os)
 .data          0x0000000000001118        0x0 /home/honore/honoreblog/glibc-2.38/build/libc_pic.a(rewinddir.os)
 .data          0x0000000000001118        0x0 /home/honore/honoreblog/glibc-2.38/build/libc_pic.a(readdir64.os)
 .data          0x0000000000001118        0x0 /home/honore/honoreblog/glibc-2.38/build/libc_pic.a(fdopendir.os)
 .data          0x0000000000001118        0x0 /home/honore/honoreblog/glibc-2.38/build/libc_pic.a(_exit.os)
 .data          0x0000000000001118        0x0 /home/honore/honoreblog/glibc-2.38/build/libc_pic.a(getpid.os)
 .data          0x0000000000001118        0x0 /home/honore/honoreblog/glibc-2.38/build/libc_pic.a(uname.os)
 .data          0x0000000000001118        0x0 /home/honore/honoreblog/glibc-2.38/build/libc_pic.a(environ.os)
 .data          0x0000000000001118        0x0 /home/honore/honoreblog/glibc-2.38/build/libc_pic.a(access.os)
 .data          0x0000000000001118        0x0 /home/honore/honoreblog/glibc-2.38/build/libc_pic.a(fstat64.os)
 .data          0x0000000000001118        0x0 /home/honore/honoreblog/glibc-2.38/build/libc_pic.a(fstatat64.os)
 .data          0x0000000000001118        0x0 /home/honore/honoreblog/glibc-2.38/build/libc_pic.a(lseek64.os)
 .data          0x0000000000001118        0x0 /home/honore/honoreblog/glibc-2.38/build/libc_pic.a(lstat64.os)
 .data          0x0000000000001118        0x0 /home/honore/honoreblog/glibc-2.38/build/libc_pic.a(openat64.os)
 .data          0x0000000000001118        0x0 /home/honore/honoreblog/glibc-2.38/build/libc_pic.a(stat64.os)
 .data          0x0000000000001118        0x0 /home/honore/honoreblog/glibc-2.38/build/libc_pic.a(close_nocancel.os)
 .data          0x0000000000001118        0x0 /home/honore/honoreblog/glibc-2.38/build/libc_pic.a(fcntl_nocancel.os)
 .data          0x0000000000001118        0x0 /home/honore/honoreblog/glibc-2.38/build/libc_pic.a(open64_nocancel.os)
 .data          0x0000000000001118        0x0 /home/honore/honoreblog/glibc-2.38/build/libc_pic.a(pread64_nocancel.os)
 .data          0x0000000000001118        0x0 /home/honore/honoreblog/glibc-2.38/build/libc_pic.a(read_nocancel.os)
 .data          0x0000000000001118        0x0 /home/honore/honoreblog/glibc-2.38/build/libc_pic.a(write_nocancel.os)
 .data          0x0000000000001118        0x0 /home/honore/honoreblog/glibc-2.38/build/libc_pic.a(mmap64.os)
 .data          0x0000000000001118        0x0 /home/honore/honoreblog/glibc-2.38/build/libc_pic.a(mprotect.os)
 .data          0x0000000000001118        0x0 /home/honore/honoreblog/glibc-2.38/build/libc_pic.a(munmap.os)
 .data          0x0000000000001118        0x0 /home/honore/honoreblog/glibc-2.38/build/libc_pic.a(single_threaded.os)
 .data          0x0000000000001118        0x0 /home/honore/honoreblog/glibc-2.38/build/libc_pic.a(profil.os)
 .data          0x0000000000001118        0x0 /home/honore/honoreblog/glibc-2.38/build/libc_pic.a(prof-freq.os)
 .data          0x0000000000001118        0x0 /home/honore/honoreblog/glibc-2.38/build/libc_pic.a(dl-addr-obj.os)
 .data          0x0000000000001118        0x0 /home/honore/honoreblog/glibc-2.38/build/libc_pic.a(sigaction.os)
 .data          0x0000000000001118        0x0 /home/honore/honoreblog/glibc-2.38/build/libc_pic.a(libc_sigaction.os)
 .data          0x0000000000001118        0x0 /home/honore/honoreblog/glibc-2.38/build/libc_pic.a(errname.os)
 .data          0x0000000000001118        0x0 /home/honore/honoreblog/glibc-2.38/build/libc_pic.a(strchrnul.os)
 .data          0x0000000000001118        0x0 /home/honore/honoreblog/glibc-2.38/build/libc_pic.a(strchrnul-avx2.os)
 .data          0x0000000000001118        0x0 /home/honore/honoreblog/glibc-2.38/build/libc_pic.a(strchrnul-avx2-rtm.os)
 .data          0x0000000000001118        0x0 /home/honore/honoreblog/glibc-2.38/build/libc_pic.a(strchrnul-evex.os)
 .data          0x0000000000001118        0x0 /home/honore/honoreblog/glibc-2.38/build/libc_pic.a(strchrnul-sse2.os)
 .data          0x0000000000001118        0x0 /home/honore/honoreblog/glibc-2.38/build/libc_pic.a(setitimer.os)
 .data          0x0000000000001118        0x0 /home/honore/honoreblog/glibc-2.38/build/libc_pic.a(getdents64.os)

.data.rel.ro    0x0000000000000000     0x1708
 .data.rel.ro   0x0000000000000000     0x1708 /home/honore/honoreblog/glibc-2.38/build/elf/dl-allobjs.os
                0x0000000000000040                __rtld_search_dirs
                0x0000000000000070                __rtld_env_path_list
                0x0000000000000080                __stack_prot
                0x0000000000000088                __rseq_offset
                0x0000000000000090                __rseq_size
                0x00000000000012e8                __rtld_realloc
                0x00000000000012f0                __rtld_malloc
                0x00000000000012f8                __rtld_free
                0x0000000000001300                __rtld_calloc
                0x0000000000001308                ___rtld_mutex_unlock
                0x0000000000001310                ___rtld_mutex_lock